[    0.000000] Booting Linux on physical CPU 0
[    0.000000] Initializing cgroup subsys cpu
[    0.000000] Linux version 3.4.67-cyanogenmod-ge66cf86-dirty (dees_troy@ded1.ktechnology.net) (gcc version 4.6.x-google 20120106 (prerelease) (GCC) ) #1 SMP PREEMPT Tue Nov 18 16:01:32 UTC 2014
[    0.000000] CPU: ARMv7 Processor [410fc0f4] revision 4 (ARMv7), cr=10c5387d
[    0.000000] CPU: PIPT / VIPT nonaliasing data cache, PIPT instruction cache
[    0.000000] Machine: Manta
[    0.000000] Initialized persistent memory from a0000000-a01fffff
[    0.000000] ion_reserve: ion_chunk_heap reserved base 90000000 size 268435456
[    0.000000] Memory policy: ECC disabled, Data cache writealloc
[    0.000000] CPU EXYNOS5250 (id 0x43520210)
[    0.000000] exynos5_init_clocks: initializing clocks
[    0.000000] S3C24XX Clocks, Copyright 2004 Simtec Electronics
[    0.000000] clkout: bad source 0
[    0.000000] exynos5_setup_clocks: registering clocks
[    0.000000] exynos5_setup_clocks: xtal is 24000000
[    0.000000] EXYNOS5: PLL settings, A=1000000000, B=1333090909, C=333000000
[    0.000000] M=1600000000, E=96000000, V=300000000, G=533000000
[    0.000000] EXYNOS5: ARMCLK=1000000000, CDREX=800000000, ACLK400=533000000
[    0.000000] ACLK333=333000000, ACLK266=266666666, ACLK200=200000000
[    0.000000] ACLK166=166500000, ACLK66=66666666
[    0.000000] sclk_fimd: source is ext_xtal (0), rate is 24000000
[    0.000000] sclk_g3d: source is mout_mpll_user (0), rate is 800000000
[    0.000000] sclk_gscl_wrap0: source is ext_xtal (0), rate is 24000000
[    0.000000] sclk_gscl_wrap1: source is ext_xtal (0), rate is 24000000
[    0.000000] sclk_bayer: source is ext_xtal (0), rate is 24000000
[    0.000000] sclk_cam0: source is ext_xtal (0), rate is 24000000
[    0.000000] sclk_cam1: source is ext_xtal (0), rate is 24000000
[    0.000000] sclk_jpeg: source is ext_xtal (0), rate is 24000000
[    0.000000] sclk_usbdrd30: source is mout_mpll (0), rate is 66666666
[    0.000000] On node 0 totalpages: 524032
[    0.000000] free_area_init_node: node 0, pgdat c098b140, node_mem_map c0b61000
[    0.000000]   Normal zone: 992 pages used for memmap
[    0.000000]   Normal zone: 0 pages reserved
[    0.000000]   Normal zone: 125984 pages, LIFO batch:31
[    0.000000]   HighMem zone: 3102 pages used for memmap
[    0.000000]   HighMem zone: 393954 pages, LIFO batch:31
[    0.000000] PERCPU: Embedded 6 pages/cpu @c1b6e000 s12224 r0 d12352 u32768
[    0.000000] pcpu-alloc: s12224 r0 d12352 u32768 alloc=8*4096
[    0.000000] pcpu-alloc: [0] 0 [0] 1 
[    0.000000] Built 1 zonelists in Zone order, mobility grouping on.  Total pages: 519938
[    0.000000] Kernel command line: vmalloc=512M debug_core.break_on_panic=0 debug_core.break_on_exception=0 no_console_suspend s3c2410-wdt.tmr_atboot=1 s3c2410-wdt.tmr_margin=30 wire.search_count=5  bootmode=2  s3cfb.bootloaderfb=0x60000000 androidboot.bootloader=MANTAMF01 androidboot.serialno=REDACTED androidboot.wifimacaddr=REDACTED androidboot.btmacaddr=REDACTED
[    0.000000] PID hash table entries: 2048 (order: 1, 8192 bytes)
[    0.000000] Dentry cache hash table entries: 65536 (order: 6, 262144 bytes)
[    0.000000] Inode-cache hash table entries: 32768 (order: 5, 131072 bytes)
[    0.000000] allocated 4192256 bytes of page_cgroup
[    0.000000] please try 'cgroup_disable=memory' option if you don't want memory cgroups
[    0.000000] Memory: 2047MB = 2047MB total
[    0.000000] Memory: 1118768k/1118768k available, 977360k reserved, 648576K highmem
[    0.000000] Virtual kernel memory layout:
[    0.000000]     vector  : 0xffff0000 - 0xffff1000   (   4 kB)
[    0.000000]     fixmap  : 0xfff00000 - 0xfffe0000   ( 896 kB)
[    0.000000]     vmalloc : 0xdf800000 - 0xff000000   ( 504 MB)
[    0.000000]     lowmem  : 0xc0000000 - 0xdf000000   ( 496 MB)
[    0.000000]     pkmap   : 0xbfe00000 - 0xc0000000   (   2 MB)
[    0.000000]       .text : 0xc0008000 - 0xc08c2000   (8936 kB)
[    0.000000]       .init : 0xc08c2000 - 0xc0902fc0   ( 260 kB)
[    0.000000]       .data : 0xc0904000 - 0xc09a00a0   ( 625 kB)
[    0.000000]        .bss : 0xc09a00c4 - 0xc0b60cd0   (1796 kB)
[    0.000000] SLUB: Genslabs=11, HWalign=64, Order=0-3, MinObjects=0, CPUs=2, Nodes=1
[    0.000000] Preemptible hierarchical RCU implementation.
[    0.000000] NR_IRQS:597
[    0.000000] sched_clock: 32 bits at 24MHz, resolution 41ns, wraps every 178956ms
[    0.000050] Calibrating delay loop... 997.78 BogoMIPS (lpj=2494464)
[    0.030031] pid_max: default: 32768 minimum: 301
[    0.030165] Security Framework initialized
[    0.030189] SELinux:  Disabled at boot.
[    0.030317] Mount-cache hash table entries: 512
[    0.031041] Initializing cgroup subsys debug
[    0.031053] Initializing cgroup subsys cpuacct
[    0.031062] Initializing cgroup subsys memory
[    0.031098] Initializing cgroup subsys freezer
[    0.031135] CPU: Testing write buffer coherency: ok
[    0.031256] CPU0: thread -1, cpu 0, socket 0, mpidr 80000000
[    0.031287] hw perfevents: enabled with ARMv7 Cortex-A15 PMU driver, 7 counters available
[    0.031330] Setting up static identity map for 0x406cc1d0 - 0x406cc228
[    0.095765] CPU1: Booted secondary processor
[    0.121275] CPU1: thread -1, cpu 1, socket 0, mpidr 80000001
[    0.121314] CPU1: Unknown IPI message 0x1
[    0.121437] Brought up 2 CPUs
[    0.121449] SMP: Total of 2 processors activated (1995.57 BogoMIPS).
[    0.132653] gpiochip_add: registered GPIOs 0 to 7 on device: GPA0
[    0.132665] gpiochip_add: registered GPIOs 9 to 14 on device: GPA1
[    0.132676] gpiochip_add: registered GPIOs 16 to 23 on device: GPA2
[    0.132687] gpiochip_add: registered GPIOs 25 to 29 on device: GPB0
[    0.132697] gpiochip_add: registered GPIOs 31 to 35 on device: GPB1
[    0.132707] gpiochip_add: registered GPIOs 37 to 40 on device: GPB2
[    0.132716] gpiochip_add: registered GPIOs 42 to 45 on device: GPB3
[    0.132726] gpiochip_add: registered GPIOs 47 to 53 on device: GPC0
[    0.132735] gpiochip_add: registered GPIOs 55 to 58 on device: GPC1
[    0.132745] gpiochip_add: registered GPIOs 60 to 66 on device: GPC2
[    0.132754] gpiochip_add: registered GPIOs 68 to 74 on device: GPC3
[    0.132764] gpiochip_add: registered GPIOs 76 to 79 on device: GPD0
[    0.132773] gpiochip_add: registered GPIOs 81 to 88 on device: GPD1
[    0.132783] gpiochip_add: registered GPIOs 90 to 95 on device: GPY0
[    0.132792] gpiochip_add: registered GPIOs 97 to 100 on device: GPY1
[    0.132802] gpiochip_add: registered GPIOs 102 to 107 on device: GPY2
[    0.132811] gpiochip_add: registered GPIOs 109 to 116 on device: GPY3
[    0.132821] gpiochip_add: registered GPIOs 118 to 125 on device: GPY4
[    0.132831] gpiochip_add: registered GPIOs 127 to 134 on device: GPY5
[    0.132840] gpiochip_add: registered GPIOs 136 to 143 on device: GPY6
[    0.132850] gpiochip_add: registered GPIOs 145 to 151 on device: GPC4
[    0.132859] gpiochip_add: registered GPIOs 153 to 160 on device: GPX0
[    0.132869] gpiochip_add: registered GPIOs 162 to 169 on device: GPX1
[    0.132878] gpiochip_add: registered GPIOs 171 to 178 on device: GPX2
[    0.132887] gpiochip_add: registered GPIOs 180 to 187 on device: GPX3
[    0.132907] gpiochip_add: registered GPIOs 189 to 196 on device: GPE0
[    0.132918] gpiochip_add: registered GPIOs 198 to 199 on device: GPE1
[    0.132927] gpiochip_add: registered GPIOs 201 to 204 on device: GPF0
[    0.132936] gpiochip_add: registered GPIOs 206 to 209 on device: GPF1
[    0.132946] gpiochip_add: registered GPIOs 211 to 218 on device: GPG0
[    0.132955] gpiochip_add: registered GPIOs 220 to 227 on device: GPG1
[    0.132965] gpiochip_add: registered GPIOs 229 to 230 on device: GPG2
[    0.132974] gpiochip_add: registered GPIOs 232 to 235 on device: GPH0
[    0.132983] gpiochip_add: registered GPIOs 237 to 244 on device: GPH1
[    0.132997] gpiochip_add: registered GPIOs 246 to 253 on device: GPV0
[    0.133007] gpiochip_add: registered GPIOs 255 to 262 on device: GPV1
[    0.133016] gpiochip_add: registered GPIOs 264 to 271 on device: GPV2
[    0.133026] gpiochip_add: registered GPIOs 273 to 280 on device: GPV3
[    0.133035] gpiochip_add: registered GPIOs 282 to 283 on device: GPV4
[    0.133047] gpio: GPZ has no PM function
[    0.133055] gpiochip_add: registered GPIOs 285 to 291 on device: GPZ
[    0.133253] dummy: 
[    0.133471] NET: Registered protocol family 16
[    0.133786] Registered FIQ tty driver
[    0.133821] Last reset was software reset (RST_STAT=0x20000000)
[    0.135995] Manta HW revision: 8, CPU EXYNOS5250 Rev1.0
[    0.139488] console [ttyFIQ2] enabled
[    0.139578] Registered fiq debugger ttyFIQ2
[    0.139868] persistent_ram: error in header, 2
[    0.139880] persistent_ram: found existing buffer, size 36101, start 36101
[    0.231776] console [ram-1] enabled
[    0.233432] bootloader fb located at 60000000-60F9FFFF
[    0.233553] Registered chained gpio int handler for interrupt 77.
[    0.233640] Registered interrupt support for gpio group 19.
[    0.235737] hw-breakpoint: found 5 (+1 reserved) breakpoint and 4 watchpoint registers.
[    0.235858] hw-breakpoint: maximum watchpoint size is 8 bytes.
[    0.236046] S3C Power Management, Copyright 2004 Simtec Electronics
[    0.236397] EXYNOS5250 PMU Initialize
[    0.237266] EXYNOS: Initializing architecture
[    0.237668] s3c24xx-pwm s3c24xx-pwm.0: tin at 33333333, tdiv at 33333333, tin=divclk, base 0
[    0.237850] s3c24xx-pwm s3c24xx-pwm.1: tin at 16666666, tdiv at 16666666, tin=divclk, base 8
[    0.245043] bio: create slab <bio-0> at 0
[    0.245421] MXT_BOOSTER: 
[    0.245646] MXT_XVDD: 
[    0.245715] MXT_XVDD: supplied by MXT_BOOSTER
[    0.245934] VBATT: 3700 mV 
[    0.642388] ion_chunk_heap_create: base 2415919104 size 268435456 align 1048576
[    0.642938] SCSI subsystem initialized
[    0.643712] usbcore: registered new interface driver usbfs
[    0.643871] usbcore: registered new interface driver hub
[    0.644014] usbcore: registered new device driver usb
[    0.644312] wake enabled for irq 439
[    0.644424] wake enabled for irq 432
[    0.644533] wake enabled for irq 433
[    0.644648] GPIO Input Driver: Start gpio inputs for manta-keypad... in interrupt mode
[    0.644773] wake enabled for irq 427
[    0.644886] GPIO Input Driver: Start gpio inputs for manta-keypad... in interrupt mode
[    0.645078] input: manta-keypad as /devices/virtual/input/input0
[    0.645301] input: manta-switch as /devices/virtual/input/input1
[    0.645828] s3c-i2c s3c2440-i2c.0: i2c-0: S3C I2C adapter
[    0.645944] s3c-i2c s3c2440-i2c.0: slave address 0x10
[    0.646009] s3c-i2c s3c2440-i2c.0: bus frequency set to 65 KHz
[    0.646441] s3c-i2c s3c2440-i2c.1: i2c-1: S3C I2C adapter
[    0.646510] s3c-i2c s3c2440-i2c.1: slave address 0x10
[    0.646623] s3c-i2c s3c2440-i2c.1: bus frequency set to 378 KHz
[    0.646970] s3c-i2c s3c2440-i2c.2: i2c-2: S3C I2C adapter
[    0.647085] s3c-i2c s3c2440-i2c.2: slave address 0x10
[    0.647150] s3c-i2c s3c2440-i2c.2: bus frequency set to 378 KHz
[    0.647442] s3c-i2c s3c2440-i2c.3: i2c-3: S3C I2C adapter
[    0.647509] s3c-i2c s3c2440-i2c.3: slave address 0x10
[    0.647621] s3c-i2c s3c2440-i2c.3: bus frequency set to 378 KHz
[    0.647917] s3c-i2c s3c2440-i2c.4: i2c-4: S3C I2C adapter
[    0.648031] s3c-i2c s3c2440-i2c.4: slave address 0x10
[    0.648094] s3c-i2c s3c2440-i2c.4: bus frequency set to 378 KHz
[    0.648537] max77686 5-0009: device found
[    0.655382] max77686_pmic_probe: Device ID=0x09, (version:1, chip_rev:1)
[    0.655643] max77686-pmic max77686-pmic: Power on triggered by PWRON=High
[    0.655710] max77686-pmic max77686-pmic: Power on triggered by Manual Reset Event
[    0.658928] vdd_mif range: 850 <--> 1200 mV at 987 mV 
[    0.659664] vdd_arm range: 850 <--> 1500 mV at 1075 mV 
[    0.660442] vdd_int range: 850 <--> 1300 mV at 1037 mV 
[    0.661183] vdd_g3d range: 850 <--> 1250 mV at 1200 mV 
[    0.662221] VCC_1.8V_AP: 1800 mV 
[    0.663196] VMIPI_1.0V: 1000 mV 
[    0.663933] TOUCH_VDD_1.8V: 1800 mV 
[    0.664955] VMIPI_1.8V: 1800 mV 
[    0.665914] VUOTG_3.0V: 3000 mV 
[    0.666878] VHSIC_1.0V: 1000 mV 
[    0.667848] VHSIC_1.8V: 1800 mV 
[    0.668603] 5M_CORE_1.5V: 1500 mV 
[    0.669315] CAM_IO_1.8V: 1800 mV 
[    0.670020] VT_CAM_1.8V: 1800 mV 
[    0.670780] TA_CHECK_1.35V: 1350 mV 
[    0.671495] TSP_AVDD_2.8V: 2800 mV 
[    0.672210] CAM_AF_2.8V: 2800 mV 
[    0.673175] VADC_3.3V: 3300 mV 
[    0.673758] 32KHZ_PMIC: 
[    0.673964] s3c-i2c s3c2440-i2c.5: i2c-5: S3C I2C adapter
[    0.674031] s3c-i2c s3c2440-i2c.5: slave address 0x10
[    0.674144] s3c-i2c s3c2440-i2c.5: bus frequency set to 378 KHz
[    0.674406] s3c-i2c s3c2440-i2c.7: i2c-7: S3C I2C adapter
[    0.674521] s3c-i2c s3c2440-i2c.7: slave address 0x10
[    0.674585] s3c-i2c s3c2440-i2c.7: bus frequency set to 378 KHz
[    0.674830] s3c-i2c s3c2440-i2c.8: i2c-8: S3C I2C adapter
[    0.674896] s3c-i2c s3c2440-i2c.8: slave address 0x10
[    0.675007] s3c-i2c s3c2440-i2c.8: bus frequency set to 378 KHz
[    0.675128] Linux media interface: v0.10
[    0.675276] Linux video capture interface: v2.00
[    0.676713] Advanced Linux Sound Architecture Driver Version 1.0.25.
[    0.677201] Bluetooth: Core ver 2.16
[    0.677297] NET: Registered protocol family 31
[    0.677361] Bluetooth: HCI device and connection manager initialized
[    0.677475] Bluetooth: HCI socket layer initialized
[    0.677538] Bluetooth: L2CAP socket layer initialized
[    0.677666] Bluetooth: SCO socket layer initialized
[    0.678006] cfg80211: Calling CRDA to update world regulatory domain
[    0.678354] wake enabled for irq 421
[    0.678483] wake enabled for irq 422
[    0.678852] Switching to clocksource mct-frc
[    0.694558] NET: Registered protocol family 2
[    0.694797] IP route cache hash table entries: 16384 (order: 4, 65536 bytes)
[    0.695269] TCP established hash table entries: 65536 (order: 7, 524288 bytes)
[    0.696315] TCP bind hash table entries: 65536 (order: 7, 786432 bytes)
[    0.697487] TCP: Hash tables configured (established 65536 bind 65536)
[    0.697600] TCP: reno registered
[    0.697666] UDP hash table entries: 256 (order: 1, 8192 bytes)
[    0.697744] UDP-Lite hash table entries: 256 (order: 1, 8192 bytes)
[    0.698034] NET: Registered protocol family 1
[    0.698274] Trying to unpack rootfs image as initramfs...
[    0.948344] Freeing initrd memory: 5016K
[    0.949232] Exynos5 : ARM Clock down on idle mode is enabled
[    0.949385] EXYNOS5250 ASV(ARM : 8 MIF : 3) using fused group
[    0.949760] [BT] bcm_bt_lpm_init
[    0.950007] wake enabled for irq 438
[    0.950443] exynos_tmu exynos_tmu: Current auto refresh interval(3875 nsec), Normal auto refresh interval(3875 nsec), memory throttle auto refresh internal(1937 nsec)
[    0.951594] exynos_tmu exynos_tmu: Tmu Initialization is sucessful...!
[    0.951816] s3c-adc samsung-adc-v4: operating without regulator "vdd" .
[    0.951942] s3c-adc samsung-adc-v4: attached adc driver
[    0.952457] audit: initializing netlink socket (disabled)
[    0.952552] type=2000 audit(0.940:1): initialized
[    0.953451] highmem bounce pool size: 64 pages
[    0.959436] NTFS driver 2.1.30 [Flags: R/O].
[    0.959633] fuse init (API version 7.18)
[    0.960131] msgmni has been set to 928
[    0.961444] io scheduler noop registered
[    0.961512] io scheduler deadline registered
[    0.961637] io scheduler row registered
[    0.961820] io scheduler cfq registered (default)
[    1.164438] dma-pl330 dma-pl330.0: Loaded driver for PL330 DMAC-267056
[    1.164559] dma-pl330 dma-pl330.0: 	DBUFF-32x4bytes Num_Chans-8 Num_Peri-32 Num_Events-32
[    1.166762] dma-pl330 dma-pl330.1: Loaded driver for PL330 DMAC-267056
[    1.166832] dma-pl330 dma-pl330.1: 	DBUFF-32x4bytes Num_Chans-8 Num_Peri-32 Num_Events-32
[    1.167579] dma-pl330 dma-pl330.2: Loaded driver for PL330 DMAC-267056
[    1.167695] dma-pl330 dma-pl330.2: 	DBUFF-64x8bytes Num_Chans-8 Num_Peri-1 Num_Events-32
[    1.167865] Serial: 8250/16550 driver, 4 ports, IRQ sharing disabled
[    1.168561] exynos4210-uart.0: ttySAC0 at MMIO 0x12c00000 (irq = 83) is a S3C6400/10
[    1.168798] exynos4210-uart.1: ttySAC1 at MMIO 0x12c10000 (irq = 84) is a S3C6400/10
[    1.168985] exynos4210-uart.3: ttySAC3 at MMIO 0x12c30000 (irq = 86) is a S3C6400/10
[    1.170349] mali mali.0: GPU identified as 0x6956 r0p0 status 1
[    1.301237] mali mali.0: Probed as mali0
[    1.301457] mali mali.0: start latency exceeded, new value 875 ns
[    1.302333] mali mali.0: state restore latency exceeded, new value 804791 ns
[    1.302452] mali mali.0: stop latency exceeded, new value 958 ns
[    1.302570] mali mali.0: start latency exceeded, new value 916 ns
[    1.307520] brd: module loaded
[    1.310034] loop: module loaded
[    1.310905] WM1811 LDO1: 
[    1.311387] WM1811 LDO2: 
[    1.315825] wm8994 7-001a: WM1811 revision D CUST_ID 00
[    1.319815] bcm2079x-spi spi2.0: bcmspinfc_probe, probing bcmspinfc driver
[    1.319954] bcm2079x-spi spi2.0: requesting IRQ 430
[    1.320122] bcm2079x-spi spi2.0: bcmspinfc_probe, probing bcmspinfc driver exited successfully
[    1.320344] tun: Universal TUN/TAP device driver, 1.6
[    1.320457] tun: (C) 1999-2004 Max Krasnyansky <maxk@qualcomm.com>
[    1.320582] PPP generic driver version 2.4.2
[    1.320790] PPP BSD Compression module registered
[    1.320855] PPP Deflate Compression module registered
[    1.321230] PPP MPPE Compression module registered
[    1.321299] NET: Registered protocol family 24
[    1.321401] usbcore: registered new interface driver asix
[    1.321542] usbcore: registered new interface driver cdc_ether
[    1.321652] usbcore: registered new interface driver net1080
[    1.321795] usbcore: registered new interface driver cdc_subset
[    1.321891] usbcore: registered new interface driver zaurus
[    1.322049] usbcore: registered new interface driver cdc_ncm
[    1.322221] ehci_hcd: USB 2.0 'Enhanced' Host Controller (EHCI) Driver
[    1.322595] s5p-ehci s5p-ehci: S5P EHCI Host Controller
[    1.322770] s5p-ehci s5p-ehci: new USB bus registered, assigned bus number 1
[    1.322933] s5p-ehci s5p-ehci: irq 103, io mem 0x12110000
[    1.329030] s5p-ehci s5p-ehci: USB 0.0 started, EHCI 1.00
[    1.329171] usb usb1: New USB device found, idVendor=1d6b, idProduct=0002
[    1.329286] usb usb1: New USB device strings: Mfr=3, Product=2, SerialNumber=1
[    1.329351] usb usb1: Product: S5P EHCI Host Controller
[    1.329464] usb usb1: Manufacturer: Linux 3.4.67-cyanogenmod-ge66cf86-dirty ehci_hcd
[    1.329530] usb usb1: SerialNumber: s5p-ehci
[    1.329902] hub 1-0:1.0: USB hub found
[    1.329978] hub 1-0:1.0: 3 ports detected
[    1.330257] s5p-ehci s5p-ehci: remove, state 1
[    1.330377] usb usb1: USB disconnect, device number 1
[    1.331115] s5p-ehci s5p-ehci: USB bus 1 deregistered
[    1.331425] ohci_hcd: USB 1.1 'Open' Host Controller (OHCI) Driver
[    1.331694] exynos-ohci exynos-ohci: EXYNOS OHCI Host Controller
[    1.331909] exynos-ohci exynos-ohci: new USB bus registered, assigned bus number 1
[    1.332052] exynos-ohci exynos-ohci: irq 103, io mem 0x12120000
[    1.388113] usb usb1: New USB device found, idVendor=1d6b, idProduct=0001
[    1.388229] usb usb1: New USB device strings: Mfr=3, Product=2, SerialNumber=1
[    1.388295] usb usb1: Product: EXYNOS OHCI Host Controller
[    1.388407] usb usb1: Manufacturer: Linux 3.4.67-cyanogenmod-ge66cf86-dirty ohci_hcd
[    1.388472] usb usb1: SerialNumber: exynos-ohci
[    1.388828] hub 1-0:1.0: USB hub found
[    1.388903] hub 1-0:1.0: 3 ports detected
[    1.389236] exynos-ohci exynos-ohci: remove, state 1
[    1.389309] usb usb1: USB disconnect, device number 1
[    1.389768] exynos-ohci exynos-ohci: USB bus 1 deregistered
[    1.390084] usbcore: registered new interface driver usblp
[    1.390150] Initializing USB Mass Storage driver...
[    1.390287] usbcore: registered new interface driver usb-storage
[    1.390352] USB Mass Storage support registered.
[    1.390490] usbcore: registered new interface driver libusual
[    1.390621] usbcore: registered new interface driver usbserial
[    1.390734] usbserial: USB Serial Driver core
[    1.391042] s3c-hsotg : S3C HS USB OTG Device Driver,(c) 2008-2009 Samsung Electronics
[    1.391049] s3c-hsotg : version 15 March 2009
[    1.391355] file system registered
[    1.392292]  gadget: Mass Storage Function, version: 2009/09/11
[    1.392361]  gadget: Number of LUNs=1
[    1.392426]  lun0: LUN: removable file: (no medium)
[    1.392717]  gadget: android_usb ready
[    1.392782] bound driver 'android_usb'
[    1.392959] mousedev: PS/2 mouse device common for all mice
[    1.393261] usbcore: registered new interface driver xpad
[    1.393353] usbcore: registered new interface driver usb_acecad
[    1.393495] usbcore: registered new interface driver aiptek
[    1.393583] usbcore: registered new interface driver gtco
[    1.393719] usbcore: registered new interface driver hanwang
[    1.393807] usbcore: registered new interface driver kbtab
[    1.393941] usbcore: registered new interface driver wacom
[    1.394411] input: Atmel maXTouch Touchscreen as /devices/platform/s3c2440-i2c.3/i2c-3/3-004a/input/input2
[    1.404199] mali mali.0: state save latency exceeded, new value 8333 ns
[    1.404607] pd-g3d: Power-off latency exceeded, new value 284917 ns
[    1.504604] max77686-rtc max77686-rtc: max77686_rtc_enable_wtsr_smpl: WTSR: enable, SMPL: enable
[    1.604513] max77686-rtc max77686-rtc: rtc core: registered max77686-rtc as rtc0
[    1.605103] i2c /dev entries driver
[    1.605707] gspca_main: v2.14.0 registered
[    1.605922] exynos-mdev.0: Media0[0xde13f400] was registered successfully
[    1.606062] exynos-mdev.1: Media1[0xde13f800] was registered successfully
[    1.606256] exynos-mdev.2: Media2[0xde13fc00] was registered successfully
[    1.606827] [INFO]gsc_probe:1450: gsc-0 registered successfully
[    1.607325] [INFO]gsc_probe:1450: gsc-1 registered successfully
[    1.607766] [INFO]gsc_probe:1450: gsc-2 registered successfully
[    1.608246] [INFO]gsc_probe:1450: gsc-3 registered successfully
[    1.608360] Initialize JPEG driver
[    1.608634] s5p-jpeg s5p-jpeg: JPEG driver is registered to /dev/video12
[    1.608780] s5p-jpeg s5p-jpeg: JPEG driver is registered to /dev/video11
[    1.609225] Samsung Graphics 2D driver, (c) 2011 Samsung Electronics
[    1.609332] EXYNOS MFC V4L2 Driver, (c) 2010 Samsung Electronics
[    1.609498] s5p_mfc_probe++
[    1.609509] s5p-mfc s5p-mfc: Initialised spin lock
[    1.609518] s5p-mfc s5p-mfc: Getting clocks
[    1.609753] s5p-mfc s5p-mfc: decoder registered as /dev/video6
[    1.609935] s5p-mfc s5p-mfc: encoder registered as /dev/video7
[    1.610299] s5p_mfc_probe--
[    1.610427] i2c i2c-0: attached exynos hdcp into i2c adapter successfully
[    1.610577] i2c-core: driver [exynos_hdcp] using legacy suspend method
[    1.610644] i2c-core: driver [exynos_hdcp] using legacy resume method
[    1.610767] Samsung HDMI output driver, (c) 2010-2011 Samsung Electronics Co., Ltd.
[    1.610967] s5p-hdmi exynos5-hdmi: hdmiphy i2c bus number = 8
[    1.611153] s5p-hdmiphy 8-0038: hdmiphy_probe start
[    1.611218] s5p-hdmiphy 8-0038: probe successful
[    1.636834] s5p-hdmi exynos5-hdmi: probe sucessful
[    1.637000] i2c i2c-0: probed exynos edid
[    1.637156] Samsung TV Mixer driver, (c) 2010-2011 Samsung Electronics Co., Ltd.
[    1.637259] s5p-mixer s5p-mixer: probe start
[    1.637528] s5p-mixer s5p-mixer: resources acquired
[    1.637612] s5p-mixer s5p-mixer: added output 'S5P HDMI connector' from module 's5p-hdmi'
[    1.637823] s5p-mixer s5p-mixer: registered layer mxr0_graph0 as /dev/video16
[    1.637965] s5p-mixer s5p-mixer: registered layer mxr0_graph1 as /dev/video17
[    1.638153] s5p-mixer s5p-mixer: registered layer mxr1_graph2 as /dev/video18
[    1.638342] s5p-mixer s5p-mixer: registered layer mxr1_graph3 as /dev/video19
[    1.638409] s5p-mixer s5p-mixer: mixer0 create links
[    1.638530] s5p-mixer s5p-mixer: mixer1 create links
[    1.638603] s5p-mixer s5p-mixer: mixer links are created successfully
[    1.638728] s5p-mixer s5p-mixer: probe successful
[    1.639833] fimc_is_spi successfully probed
[    1.639970] Driver for 1-wire Dallas network protocol.
[    1.712595] wake enabled for irq 420
[    1.712966] s3c2410_wdt: S3C2410 Watchdog Timer, (c) 2004 Simtec Electronics
[    1.713239] s3c2410-wdt s3c2410-wdt: starting watchdog timer
[    1.713312] s3c2410-wdt s3c2410-wdt: watchdog active, reset enabled, irq disabled
[    1.713827] device-mapper: uevent: version 1.0.3
[    1.714100] device-mapper: ioctl: 4.22.0-ioctl (2011-10-19) initialised: dm-devel@redhat.com
[    1.714321] Bluetooth: HCI UART driver ver 2.2
[    1.714433] Bluetooth: HCI H4 protocol initialized
[    1.714601] cpuidle: using governor ladder
[    1.714801] cpuidle: using governor menu
[    1.714938] sdhci: Secure Digital Host Controller Interface driver
[    1.715001] sdhci: Copyright(c) Pierre Ossman
[    1.715193] Synopsys Designware Multimedia Card Interface Driver
[    1.715356] dw_mmc dw_mmc.0: Using internal DMA controller.
[    1.715813] mmc0: no vmmc regulator found
[    1.717287] dw_mmc dw_mmc.0: Version ID is 241a
[    1.717361] dw_mmc dw_mmc.0: DW MMC controller at irq 107, 32 bit host data width, 128 deep fifo
[    1.717569] dw_mmc dw_mmc.1: Using internal DMA controller.
[    1.717955] mmc1: no vmmc regulator found
[    1.719238] dw_mmc dw_mmc.1: Version ID is 241a
[    1.719305] dw_mmc dw_mmc.1: DW MMC controller at irq 108, 32 bit host data width, 128 deep fifo
[    1.719419] dw_mmc dw_mmc.1: Internal DMAC interrupt fix enabled.
[    1.724452] Registered led device: as3668
[    1.728772] usbcore: registered new interface driver usbhid
[    1.728895] usbhid: USB HID core driver
[    1.744029] mmc_host mmc0: device is being hw reset
[    1.904058] mmc_host mmc0: Bus speed (slot 0) = 50000000Hz (slot req 400000Hz, actual 396825HZ div = 63)
[    1.959359] mmc_host mmc0: Bus speed (slot 0) = 200000000Hz (slot req 200000000Hz, actual 200000000HZ div = 0)
[    1.959522] dw_mmc dw_mmc.0: cmd21 data error:-84 pending:184 status:a906 tcb:80 tbb:0
[    1.960015] mmc0: new HS200 MMC card at address 0001
[    1.960520] mmcblk0: mmc0:0001 MAG2GA 14.6 GiB 
[    1.960790] mmcblk0boot0: mmc0:0001 MAG2GA partition 1 4.00 MiB
[    1.961105] mmcblk0boot1: mmc0:0001 MAG2GA partition 2 4.00 MiB
[    1.964876]  mmcblk0: p1 p2 p3 p4 p5 p6 p7 p8 p9
[    1.966683]  mmcblk0boot1: unknown partition table
[    1.967409]  mmcblk0boot0: unknown partition table
[    2.092015] i2c i2c-1: MPU6050 is ready to go!
[    2.092289] bh1721fvc_i2c_probe: registering lightsensor-level input device
[    2.094062] zram: Created 1 device(s) ...
[    2.094553] ashmem: initialized
[    2.094677] logger: created 256K log 'log_main'
[    2.094843] logger: created 256K log 'log_events'
[    2.094964] logger: created 256K log 'log_radio'
[    2.095081] logger: created 256K log 'log_system'
[    2.095350] Mobicore API module initialized!
[    2.095997] usbcore: registered new interface driver snd-usb-audio
[    2.097285] samsung-i2s samsung-i2s.0: start latency exceeded, new value 917 ns
[    2.097357] samsung-i2s samsung-i2s.0: state restore latency exceeded, new value 1084 ns
[    2.097474] samsung-i2s samsung-i2s.0: stop latency exceeded, new value 917 ns
[    2.097685] samsung-i2s samsung-i2s.0: state save latency exceeded, new value 1000 ns
[    2.097961] pd-maudio: Power-off latency exceeded, new value 156125 ns
[    2.105504] pd-maudio: Power-on latency exceeded, new value 152458 ns
[    2.105628] samsung-i2s samsung-i2s.0: state restore latency exceeded, new value 1125 ns
[    2.108924] asoc: wm8994-aif1 <-> samsung-i2s.0 mapping ok
[    2.109343] asoc: wm8994-aif1 <-> samsung-i2s.4 mapping ok
[    2.109661] asoc: wm8994-aif2 <-> manta-voice mapping ok
[    2.110023] asoc: wm8994-aif3 <-> manta-bt mapping ok
[    2.135022] input: Manta-I2S Headset as /devices/platform/manta-i2s/sound/card0/input3
[    2.136317] asoc: dit-hifi <-> samsung-spdif mapping ok
[    2.136841] GACT probability NOT on
[    2.136960] Mirror/redirect action on
[    2.137025] u32 classifier
[    2.137087]     Actions configured
[    2.137200] Netfilter messages via NETLINK v0.30.
[    2.137302] nf_conntrack version 0.5.0 (16384 buckets, 65536 max)
[    2.137812] ctnetlink v0.93: registering with nfnetlink.
[    2.137908] NF_TPROXY: Transparent proxy support initialized, version 4.1.0
[    2.138021] NF_TPROXY: Copyright (c) 2006-2007 BalaBit IT Ltd.
[    2.138315] xt_time: kernel timezone is -0000
[    2.138752] ip_tables: (C) 2000-2006 Netfilter Core Team
[    2.139022] arp_tables: (C) 2002 David S. Miller
[    2.139126] TCP: cubic registered
[    2.139237] Initializing XFRM netlink socket
[    2.139721] NET: Registered protocol family 10
[    2.140457] Mobile IPv6
[    2.140595] ip6_tables: (C) 2000-2006 Netfilter Core Team
[    2.140781] IPv6 over IPv4 tunneling driver
[    2.141696] NET: Registered protocol family 17
[    2.141783] NET: Registered protocol family 15
[    2.141998] Bluetooth: RFCOMM TTY layer initialized
[    2.142125] Bluetooth: RFCOMM socket layer initialized
[    2.142188] Bluetooth: RFCOMM ver 1.11
[    2.142251] Bluetooth: BNEP (Ethernet Emulation) ver 1.3
[    2.142364] Bluetooth: HIDP (Human Interface Emulation) ver 1.2
[    2.142491] NET: Registered protocol family 35
[    2.142935] VFP support v0.3: implementor 41 architecture 4 part 30 variant f rev 0
[    2.143122] Registering SWP/SWPB emulation handler
[    2.143248] pd-gscl3: Power-off latency exceeded, new value 1041 ns
[    2.143396] pd-isp: Power-off latency exceeded, new value 175000 ns
[    2.143481] pd-gscl2: Power-off latency exceeded, new value 875 ns
[    2.143612] pd-gscl1: Power-off latency exceeded, new value 708 ns
[    2.143695] pd-gscl0: Power-off latency exceeded, new value 708 ns
[    2.143874] pd-dp: Power-off latency exceeded, new value 833 ns
[    2.143977] pd-gscl: Power-off latency exceeded, new value 163208 ns
[    2.144140] pd-mixer: Power-off latency exceeded, new value 833 ns
[    2.144223] pd-hdmi: Power-off latency exceeded, new value 834 ns
[    2.144353] pd-fimd1: Power-off latency exceeded, new value 833 ns
[    2.144583] pd-disp1: Power-off latency exceeded, new value 159958 ns
[    2.144728] pd-mfc: Power-off latency exceeded, new value 238542 ns
[    2.145184] wake enabled for irq 424
[    2.145404] wake enabled for irq 426
[    2.363776] battery: charge source type was changed: usb
[    2.369305] pd-disp1: Power-on latency exceeded, new value 189290 ns
[    2.369375] pd-fimd1: Power-on latency exceeded, new value 958 ns
[    2.369494] s3c-fb exynos5-fb.1: start latency exceeded, new value 916 ns
[    2.369571] s3c-fb exynos5-fb.1: state restore latency exceeded, new value 10500 ns
[    2.369688] s3c-fb exynos5-fb.1: stop latency exceeded, new value 833 ns
[    2.403339] s3c-fb exynos5-fb.1: window 0: fb 
[    2.403731] pd-dp: Power-on latency exceeded, new value 1000 ns
[    2.403854] s5p-dp s5p-dp: start latency exceeded, new value 834 ns
[    2.403923] s5p-dp s5p-dp: state restore latency exceeded, new value 1041 ns
[    2.404072] s5p-dp s5p-dp: stop latency exceeded, new value 833 ns
[    2.405749] s5p-dp s5p-dp: EDID data does not include any extensions.
[    2.418499] s5p-dp s5p-dp: EDID Read success!
[    2.430998] s5p-dp s5p-dp: Link Training Clock Recovery success
[    2.447594] s5p-dp s5p-dp: Link Training success!
[    2.595808] wifi_set_power = 1
[    2.954044] wifi_set_carddetect = 1
[    2.984058] mmc_host mmc1: Bus speed (slot 0) = 50000000Hz (slot req 400000Hz, actual 396825HZ div = 63)
[    2.994963] mmc_host mmc1: Bus speed (slot 0) = 200000000Hz (slot req 200000000Hz, actual 200000000HZ div = 0)
[    2.997661] mmc1: new ultra high speed SDR104 SDIO card at address 0001
[    3.001867] F1 signature OK, socitype:0x1 chip:0x4324 rev:0x2 pkg:0xd
[    3.002527] DHD: dongle ram size is set to 589824(orig 589824) at 0x0
[    3.003578] wl_create_event_handler(): thread:wl_event_handler:60 started
[    3.003597] CFG80211-ERROR) wl_event_handler : tsk Enter, tsk = 0xddc413d8
[    3.004369] p2p0: P2P Interface Registered
[    3.004577] dhd_attach(): thread:dhd_watchdog_thread:61 started
[    3.004730] dhd_attach(): thread:dhd_dpc:62 started
[    3.004930] dhd_attach(): thread:dhd_rxf:63 started
[    3.005078] dhd_attach(): thread:dhd_sysioc:64 started
[    3.005313] wifi_get_mac_addr
[    3.005780] Broadcom Dongle Host Driver: register interface [wlan0] MAC: 08:d4:2b:1f:29:d8

[    3.005941] Dongle Host Driver, version 1.88.45 (r)
[    3.005946] Compiled in drivers/net/wireless/bcmdhd on Nov 18 2014 at 16:01:12
[    3.006175] wifi_set_power = 0
[    3.114242] =========== WLAN placed in RESET ========
[    3.139469] max77686-rtc max77686-rtc: setting system clock to 2021-01-07 04:26:00 UTC (1609993560)
[    3.142050] ALSA device list:
[    3.142186]   #0: Manta-I2S
[    3.142261]   #1: Manta-SPDIF
[    3.142656] Freeing init memory: 256K
[    3.142734] Write protecting the kernel text section c0008000 - c08c2000
[    3.143257] rodata_test: attempting to write to read-only section:
[    3.143393] write to read-only section trapped, success
[    3.146882] init: /init.rc: 65: invalid command 'load_system_props'
[    3.147114] init: could not import file '/init.recovery.logd.rc' from '/init.rc'
[    3.147336] init: could not import file '/init.recovery.vold_decrypt.rc' from '/init.rc'
[    3.340106] init: /dev/hw_random not found
[    3.340824] init: /dev/hw_random not found
[    3.341335] android_usb: already disabled
[    3.341721] init: Unable to open persistent property directory /data/property errno: 2
[    3.341824] init: Unable to open persistent property directory /data/property errno: 2
[    3.342756] android_usb: already disabled
[    3.344407] read descriptors
[    3.344460] read strings
[    3.396469] s3c-fb exynos5-fb.1: stop latency exceeded, new value 1000 ns
[    3.396589] s3c-fb exynos5-fb.1: state save latency exceeded, new value 107833 ns
[    3.396599] pd-fimd1: Power-off latency exceeded, new value 1167 ns
[    3.396735] s5p-dp s5p-dp: stop latency exceeded, new value 1208 ns
[    3.396808] s5p-dp s5p-dp: start latency exceeded, new value 917 ns
[    3.396816] s5p-dp s5p-dp: state save latency exceeded, new value 1208 ns
[    3.396826] pd-dp: Power-off latency exceeded, new value 875 ns
[    3.398089] pd-disp1: Power-off latency exceeded, new value 1248708 ns
[    3.399094] pd-disp1: Power-on latency exceeded, new value 988876 ns
[    3.399656] s3c-fb exynos5-fb.1: state restore latency exceeded, new value 548583 ns
[    3.421540] atmel_mxt_ts 3-004a: could not find firmware file
[    3.422774] audience_es305 4-003e: firmware request failed
[    3.799209] atmel_mxt_ts 3-004a: Family ID: 162 Variant ID: 0 Version: 18 Build: 170
[    3.799266] atmel_mxt_ts 3-004a: Matrix X Size: 32 Matrix Y Size: 52 Object Num: 29
[    3.818394] atmel_mxt_ts 3-004a: Mxt touch controller initialized
[    4.097157] pd-dp: Power-on latency exceeded, new value 2500 ns
[    4.097224] s5p-dp s5p-dp: start latency exceeded, new value 2125 ns
[    4.097272] s5p-dp s5p-dp: state restore latency exceeded, new value 2583 ns
[    4.097318] s5p-dp s5p-dp: stop latency exceeded, new value 2167 ns
[    4.099211] s5p-dp s5p-dp: EDID data does not include any extensions.
[    4.111936] s5p-dp s5p-dp: EDID Read success!
[    4.124491] s5p-dp s5p-dp: Link Training Clock Recovery success
[    4.140951] s5p-dp s5p-dp: Link Training success!
[    4.546898] EXT4-fs (mmcblk0p7): recovery complete
[    4.548271] EXT4-fs (mmcblk0p7): mounted filesystem with ordered data mode. Opts: 
[    4.571167] EXT4-fs (mmcblk0p9): recovery complete
[    4.571419] EXT4-fs (mmcblk0p9): mounted filesystem with ordered data mode. Opts: 
[    4.665118] EXT4-fs (mmcblk0p9): mounted filesystem with ordered data mode. Opts: 
[    4.752894] EXT4-fs (mmcblk0p9): mounted filesystem with ordered data mode. Opts: 
[    4.808588] EXT4-fs (mmcblk0p9): mounted filesystem with ordered data mode. Opts: 
[    4.838500] EXT4-fs (mmcblk0p8): mounted filesystem without journal. Opts: 
[    4.960211] manta_otg manta_otg_work: UNDEFINED -> b_peripheral
[    7.369788] manta_otg manta_otg_work: b_peripheral -> b_idle
[    7.370089] android_work: did not send uevent (0 0   (null))
[    7.580803] manta_bat_sync_charge_enable: charger changed enable state to 1
[    7.585521] battery: charge source type was changed: usb
[    7.600223] manta_otg manta_otg_work: b_idle -> b_peripheral
[    9.777960] android_work: did not send uevent (0 0   (null))
[    9.778391] android_usb: already disabled
[    9.778501] mtp_bind_config
[    9.794716] EXT4-fs (mmcblk0p8): mounted filesystem without journal. Opts: 
[   10.583899] mtp_open
[   13.300320] android_work: sent uevent USB_STATE=CONNECTED
[   13.302969] android_usb gadget: high-speed config #1: android
[   13.304209] android_work: sent uevent USB_STATE=CONFIGURED
[   64.619290] manta_otg manta_otg_work: b_peripheral -> b_idle
[   64.619345] mtp_release
[   64.619469] mtp_open
[   64.621084] android_work: sent uevent USB_STATE=DISCONNECTED
[   64.632005] battery: charge source type was changed: none
[   67.137427] manta_bat_sync_charge_enable: charger changed enable state to 0
[   67.150653] battery: charge source type was changed: usb
[   67.154189] manta_bat_sync_charge_enable: charger changed enable state to 1
[   67.156189] manta_otg manta_otg_work: b_idle -> b_peripheral
[   68.687223] android_work: sent uevent USB_STATE=CONNECTED
[   68.829776] android_usb gadget: high-speed config #1: android
[   68.830803] android_work: sent uevent USB_STATE=CONFIGURED
[  128.646687] s3c-fb exynos5-fb.1: stop latency exceeded, new value 2417 ns
[  128.646748] s3c-fb exynos5-fb.1: start latency exceeded, new value 2084 ns
[  128.647354] s3c-fb exynos5-fb.1: state save latency exceeded, new value 550166 ns
[  128.647417] pd-fimd1: Power-off latency exceeded, new value 4583 ns
[  128.648224] s5p-dp s5p-dp: stop latency exceeded, new value 3917 ns
[  128.648436] s5p-dp s5p-dp: start latency exceeded, new value 2458 ns
[  128.648485] s5p-dp s5p-dp: state save latency exceeded, new value 2666 ns
[  128.648541] pd-dp: Power-off latency exceeded, new value 2791 ns
[  128.654423] pd-disp1: Power-off latency exceeded, new value 5781417 ns
[  186.724443] android_usb gadget: high-speed config #1: android
[  186.725928] mtp_release
[  186.726430] mtp_open
[  186.727635] android_work: sent uevent USB_STATE=CONFIGURED
[  241.894576] android_usb gadget: high-speed config #1: android
[  241.895651] mtp_release
[  241.896137] mtp_open
[  241.897891] android_work: sent uevent USB_STATE=CONFIGURED
[  245.214713] android_usb gadget: high-speed config #1: android
[  245.215807] mtp_release
[  245.216342] mtp_open
[  245.217791] android_work: sent uevent USB_STATE=CONFIGURED
[  254.324876] android_usb gadget: high-speed config #1: android
[  254.326872] android_work: sent uevent USB_STATE=CONFIGURED
[  254.328461] mtp_release
[  254.329447] mtp_open
[  256.478276] android_usb gadget: high-speed config #1: android
[  256.479498] android_work: sent uevent USB_STATE=CONFIGURED
[  256.481262] mtp_release
[  256.481707] mtp_open
[  258.121602] android_usb gadget: high-speed config #1: android
[  258.123336] mtp_release
[  258.123809] mtp_open
[  258.125667] android_work: sent uevent USB_STATE=CONFIGURED
[  264.904570] android_usb gadget: high-speed config #1: android
[  264.905642] mtp_release
[  264.906099] mtp_open
[  264.906947] android_work: sent uevent USB_STATE=CONFIGURED
[  699.572045] IRQ153 no longer affine to CPU1
[  699.572724] CPU1: shutdown
[  780.442920] CPU1: Booted secondary processor
[  780.443751] CPU1: Unknown IPI message 0x1
[ 2256.401396] IRQ153 no longer affine to CPU1
[ 2256.407069] CPU1: shutdown
