[    0.000000] Booting Linux on physical CPU 0x0
[    0.000000] Linux version 4.14.228-iremia (prince@builds.statixos.com) (gcc version 12.0.0 20210701 (experimental) (Eva GCC)) #0 SMP PREEMPT Fri Jul 9 19:26:07 EDT 2021
[    0.000000] Boot CPU: AArch64 Processor [51df805e]
[    0.000000] Machine: Qualcomm Technologies, Inc. SDMMAGPIE PM6150 Google Inc. MSM sm7150 Sunfish MP1.0
[    0.000000] OF: reserved mem: OVERLAP DETECTED!
               cont_splash_region@9c000000 (0x000000009c000000--0x000000009d700000) overlaps with disp_rdump_region@9c000000 (0x000000009c000000--0x000000009d800000)
[    0.000000] OF: reserved mem: OVERLAP DETECTED!
               disp_rdump_region@9c000000 (0x000000009c000000--0x000000009d800000) overlaps with dfps_data_region@9d700000 (0x000000009d700000--0x000000009d800000)
[    0.000000] Reserved memory: created CMA memory pool at 0x00000000fa000000, size 92 MiB
[    0.000000] OF: reserved mem: initialized node secure_display_region, compatible id shared-dma-pool
[    0.000000] Reserved memory: created CMA memory pool at 0x00000000f9400000, size 12 MiB
[    0.000000] OF: reserved mem: initialized node adsp_region, compatible id shared-dma-pool
[    0.000000] Reserved memory: created CMA memory pool at 0x00000000f9000000, size 4 MiB
[    0.000000] OF: reserved mem: initialized node cdsp_region, compatible id shared-dma-pool
[    0.000000] Reserved memory: created CMA memory pool at 0x00000000f8000000, size 16 MiB
[    0.000000] OF: reserved mem: initialized node qseecom_ta_region, compatible id shared-dma-pool
[    0.000000] Reserved memory: created CMA memory pool at 0x00000000f7800000, size 8 MiB
[    0.000000] OF: reserved mem: initialized node sp_region, compatible id shared-dma-pool
[    0.000000] Reserved memory: created CMA memory pool at 0x00000000f5800000, size 32 MiB
[    0.000000] OF: reserved mem: initialized node linux,cma, compatible id shared-dma-pool
[    0.000000] Reserved memory: created CMA memory pool at 0x00000001fa800000, size 36 MiB
[    0.000000] OF: reserved mem: initialized node mem_dump_region, compatible id shared-dma-pool
[    0.000000] Removed memory: created DMA memory pool at 0x0000000085700000, size 6 MiB
[    0.000000] OF: reserved mem: initialized node hyp_region@85700000, compatible id removed-dma-pool
[    0.000000] Removed memory: created DMA memory pool at 0x0000000085e00000, size 1 MiB
[    0.000000] OF: reserved mem: initialized node xbl_aop_mem@85e00000, compatible id removed-dma-pool
[    0.000000] Removed memory: created DMA memory pool at 0x0000000085fff000, size 0 MiB
[    0.000000] OF: reserved mem: initialized node sec_apps_region@85fff000, compatible id removed-dma-pool
[    0.000000] Removed memory: created DMA memory pool at 0x0000000086000000, size 2 MiB
[    0.000000] OF: reserved mem: initialized node smem@86000000, compatible id removed-dma-pool
[    0.000000] Removed memory: created DMA memory pool at 0x0000000086200000, size 45 MiB
[    0.000000] OF: reserved mem: initialized node removed_region@86200000, compatible id removed-dma-pool
[    0.000000] Removed memory: created DMA memory pool at 0x000000008ab00000, size 5 MiB
[    0.000000] OF: reserved mem: initialized node camera_region@8ab00000, compatible id removed-dma-pool
[    0.000000] Removed memory: created DMA memory pool at 0x000000008b000000, size 152 MiB
[    0.000000] OF: reserved mem: initialized node modem_region@8b000000, compatible id removed-dma-pool
[    0.000000] Removed memory: created DMA memory pool at 0x0000000094800000, size 5 MiB
[    0.000000] OF: reserved mem: initialized node pil_video_region@93400000, compatible id removed-dma-pool
[    0.000000] Removed memory: created DMA memory pool at 0x0000000094d00000, size 30 MiB
[    0.000000] OF: reserved mem: initialized node cdsp_regions@93900000, compatible id removed-dma-pool
[    0.000000] Removed memory: created DMA memory pool at 0x0000000096b00000, size 34 MiB
[    0.000000] OF: reserved mem: initialized node pil_adsp_region@95700000, compatible id removed-dma-pool
[    0.000000] Removed memory: created DMA memory pool at 0x0000000098d00000, size 2 MiB
[    0.000000] OF: reserved mem: initialized node wlan_msa_region@97500000, compatible id removed-dma-pool
[    0.000000] Removed memory: created DMA memory pool at 0x0000000098f00000, size 0 MiB
[    0.000000] OF: reserved mem: initialized node npu_region@97680000, compatible id removed-dma-pool
[    0.000000] Removed memory: created DMA memory pool at 0x0000000098f80000, size 0 MiB
[    0.000000] OF: reserved mem: initialized node ips_fw_region@97700000, compatible id removed-dma-pool
[    0.000000] Removed memory: created DMA memory pool at 0x0000000098f90000, size 0 MiB
[    0.000000] OF: reserved mem: initialized node ipa_gsi_region@97710000, compatible id removed-dma-pool
[    0.000000] Removed memory: created DMA memory pool at 0x0000000098f95000, size 0 MiB
[    0.000000] OF: reserved mem: initialized node gpu_region@97715000, compatible id removed-dma-pool
[    0.000000] Reserved memory: created DMA memory pool at 0x000000009e400000, size 20 MiB
[    0.000000] OF: reserved mem: initialized node qseecom_region@9e400000, compatible id shared-dma-pool
[    0.000000] Removed memory: created DMA memory pool at 0x000000009f800000, size 30 MiB
[    0.000000] OF: reserved mem: initialized node cdsp_sec_regions@0x9f800000, compatible id removed-dma-pool
[    0.000000] Removed memory: created DMA memory pool at 0x00000000a47df000, size 0 MiB
[    0.000000] OF: reserved mem: initialized node debug_info@A47DF000, compatible id removed-dma-pool
[    0.000000] Removed memory: created DMA memory pool at 0x00000000a481f000, size 4 MiB
[    0.000000] OF: reserved mem: initialized node ramoops_region@A481F000, compatible id removed-dma-pool
[    0.000000] Removed memory: created DMA memory pool at 0x00000000a4c1f000, size 4 MiB
[    0.000000] OF: reserved mem: initialized node alt_ramoops_region@A4C1F000, compatible id removed-dma-pool
[    0.000000] Removed memory: created DMA memory pool at 0x00000000a501f000, size 0 MiB
[    0.000000] OF: reserved mem: initialized node ramoops_meta_region@0xA501F000, compatible id removed-dma-pool
[    0.000000] Removed memory: created DMA memory pool at 0x00000000a5020000, size 0 MiB
[    0.000000] OF: reserved mem: initialized node ramdumplog_region@0xA5020000, compatible id removed-dma-pool
[    0.000000] On node 0 totalpages: 1559552
[    0.000000]   DMA zone: 8192 pages used for memmap
[    0.000000]   DMA zone: 0 pages reserved
[    0.000000]   DMA zone: 524288 pages, LIFO batch:31
[    0.000000]   Normal zone: 16176 pages used for memmap
[    0.000000]   Normal zone: 1035264 pages, LIFO batch:31
[    0.000000] psci: probing for conduit method from DT.
[    0.000000] psci: PSCIv1.1 detected in firmware.
[    0.000000] psci: Using standard PSCI v0.2 function IDs
[    0.000000] psci: MIGRATE_INFO_TYPE not supported.
[    0.000000] psci: SMC Calling Convention v1.1
[    0.000000] random: fast init done
[    0.000000] random: get_random_bytes called from start_kernel+0x9c/0x4a4 with crng_init=1
[    0.000000] percpu: Embedded 22 pages/cpu @        (ptrval) s49176 r8192 d32744 u90112
[    0.000000] pcpu-alloc: s49176 r8192 d32744 u90112 alloc=22*4096
[    0.000000] pcpu-alloc: [0] 0 [0] 1 [0] 2 [0] 3 [0] 4 [0] 5 [0] 6 [0] 7 
[    0.000000] CPU features: kernel page table isolation disabled by kernel configuration
[    0.000000] CPU features: detected: Hardware dirty bit management
[    0.000000] Built 1 zonelists, mobility grouping on.  Total pages: 1535184
[    0.000000] Kernel command line: rcupdate.rcu_expedited=1 rcu_nocbs=0-7 rootwait ro init=/init androidboot.bootdevice=1d84000.ufshc androidboot.baseband=msm androidboot.keymaster=1 msm_drm.dsi_display0=dsi_sofef01_sdc_1080p_cmd_display: androidboot.force_normal_boot=1 androidboot.serialno=REDACTED androidboot.slot_suffix=_a androidboot.slot_retry_count=2 androidboot.slot_successful=no androidboot.hardware.platform=sm7150 androidboot.hardware=sunfish androidboot.revision=MP1.0 androidboot.bootloader=s5-0.4-7266296 androidboot.hardware.sku=G025J androidboot.hardware.radio.subtype=0 androidboot.hardware.dsds=0 androidboot.secure_boot=PRODUCTION androidboot.cdt_hwid=0x050E2800 androidboot.hardware.majorid=0x0E androidboot.dtb_idx=0 androidboot.dtbo_idx=5 androidboot.bootreason=reboot,bootloader androidboot.hardware.ddr=6GB,Micron,LPDDR4X androidboot.ddr_info=Micron androidboot.ddr_size=6GB androidboot.hardware.ufs=128GB,Micron androidboot.cid=00000000 androidboot.boottime=0BLE:91,1BLL
[    0.000000] log_buf_len individual max cpu contribution: 131072 bytes
[    0.000000] log_buf_len total cpu_extra contributions: 917504 bytes
[    0.000000] log_buf_len min size: 131072 bytes
[    0.000000] log_buf_len: 1048576 bytes
[    0.000000] early log buf free: 121452(92%)
[    0.000000] PID hash table entries: 4096 (order: 3, 32768 bytes)
[    0.000000] Dentry cache hash table entries: 1048576 (order: 11, 8388608 bytes)
[    0.000000] Inode-cache hash table entries: 524288 (order: 10, 4194304 bytes)
[    0.000000] mem auto-init: stack:off, heap alloc:off, heap free:off
[    0.000000] software IO TLB: mapped [mem 0xfffbf000-0xfffff000] (0MB)
[    0.000000] Memory: 5481328K/6238208K available (23038K kernel code, 4380K rwdata, 10796K rodata, 7680K init, 7587K bss, 552080K reserved, 204800K cma-reserved)
[    0.000000] Virtual kernel memory layout:
[    0.000000]     modules : 0xffffff8000000000 - 0xffffff8008000000   (   128 MB)
[    0.000000]     vmalloc : 0xffffff8008000000 - 0xffffffbebfff0000   (   250 GB)
[    0.000000]       .text : 0x        (ptrval) - 0x        (ptrval)   ( 23040 KB)
[    0.000000]     .rodata : 0x        (ptrval) - 0x        (ptrval)   ( 10816 KB)
[    0.000000]       .init : 0x        (ptrval) - 0x        (ptrval)   (  7680 KB)
[    0.000000]       .data : 0x        (ptrval) - 0x        (ptrval)   (  4381 KB)
[    0.000000]        .bss : 0x        (ptrval) - 0x        (ptrval)   (  7588 KB)
[    0.000000]     fixed   : 0xffffffbefe7fd000 - 0xffffffbefec00000   (  4108 KB)
[    0.000000]     PCI I/O : 0xffffffbefee00000 - 0xffffffbeffe00000   (    16 MB)
[    0.000000]     vmemmap : 0xffffffbf00000000 - 0xffffffc000000000   (     4 GB maximum)
[    0.000000]               0xffffffbf2a000000 - 0xffffffbf2ff30000   (    95 MB actual)
[    0.000000]     memory  : 0xffffffca80000000 - 0xffffffcbfcc00000   (  6092 MB)
[    0.000000] SLUB: HWalign=64, Order=0-3, MinObjects=0, CPUs=8, Nodes=1
[    0.000000] Preemptible hierarchical RCU implementation.
[    0.000000] 	RCU dyntick-idle grace-period acceleration is enabled.
[    0.000000] 	All grace periods are expedited (rcu_expedited).
[    0.000000] 	Tasks RCU enabled.
[    0.000000] NR_IRQS: 64, nr_irqs: 64, preallocated irqs: 0
[    0.000000] GICv3: no VLPI support, no direct LPI support
[    0.000000] GICv3: CPU0: found redistributor 0 region 0:0x0000000017a60000
[    0.000000] 	Offload RCU callbacks from CPUs: 0-7.
[    0.000000] arch_timer: cp15 and mmio timer(s) running at 19.20MHz (virt/virt).
[    0.000000] clocksource: arch_sys_counter: mask: 0xffffffffffffff max_cycles: 0x46d987e47, max_idle_ns: 440795202767 ns
[    0.000003] sched_clock: 56 bits at 19MHz, resolution 52ns, wraps every 4398046511078ns
[    0.000015] clocksource: Switched to clocksource arch_sys_counter
[    0.002082] Calibrating delay loop (skipped), value calculated using timer frequency.. 38.40 BogoMIPS (lpj=192000)
[    0.002101] pid_max: default: 32768 minimum: 301
[    0.002182] Security Framework initialized
[    0.002193] SELinux:  Initializing.
[    0.002241] SELinux:  Starting in permissive mode
[    0.002276] Mount-cache hash table entries: 16384 (order: 5, 131072 bytes)
[    0.002294] Mountpoint-cache hash table entries: 16384 (order: 5, 131072 bytes)
[    0.014141] ASID allocator initialised with 65536 entries
[    0.016217] Hierarchical SRCU implementation.
[    0.024971] MSM Memory Dump base table set up
[    0.024998] MSM Memory Dump apps data table set up
[    0.029589] smp: Bringing up secondary CPUs ...
[    0.041000] GICv3: CPU1: found redistributor 100 region 0:0x0000000017a80000
[    0.041048] CPU1: Booted secondary processor [51df805e]
[    0.052377] GICv3: CPU2: found redistributor 200 region 0:0x0000000017aa0000
[    0.052409] CPU2: Booted secondary processor [51df805e]
[    0.063781] GICv3: CPU3: found redistributor 300 region 0:0x0000000017ac0000
[    0.063809] CPU3: Booted secondary processor [51df805e]
[    0.075269] GICv3: CPU4: found redistributor 400 region 0:0x0000000017ae0000
[    0.075297] CPU4: Booted secondary processor [51df805e]
[    0.086855] GICv3: CPU5: found redistributor 500 region 0:0x0000000017b00000
[    0.086884] CPU5: Booted secondary processor [51df805e]
[    0.099221] CPU features: Unsupported CPU feature variation detected.
[    0.099253] GICv3: CPU6: found redistributor 600 region 0:0x0000000017b20000
[    0.099306] CPU6: Booted secondary processor [51df804e]
[    0.111534] GICv3: CPU7: found redistributor 700 region 0:0x0000000017b40000
[    0.111591] CPU7: Booted secondary processor [51df804e]
[    0.111806] smp: Brought up 1 node, 8 CPUs
[    0.111856] SMP: Total of 8 processors activated.
[    0.111862] CPU features: detected: GIC system register CPU interface
[    0.111866] CPU features: detected: Privileged Access Never
[    0.111871] CPU features: detected: LSE atomic instructions
[    0.111875] CPU features: detected: User Access Override
[    0.111879] CPU features: detected: 32-bit EL0 Support
[    0.112423] CPU: All CPU(s) started at EL1
[    0.112467] alternatives: patching kernel code
[    0.118006] scm_enable_mem_protection: SCM call failed
[    0.118143] CPU7: update max cpu_capacity 1024
[    0.172371] CPU0: update max cpu_capacity 602
[    0.173594] Registered cp15_barrier emulation handler
[    0.173616] Registered setend emulation handler
[    0.173846] PM: Init ksuspend_mon thread
[    0.173886] clocksource: jiffies: mask: 0xffffffff max_cycles: 0xffffffff, max_idle_ns: 19112604462750000 ns
[    0.173902] futex hash table entries: 2048 (order: 6, 262144 bytes)
[    0.177781] pinctrl core: initialized pinctrl subsystem
[    0.178288] NET: Registered protocol family 16
[    0.180122] schedtune: configured to support 8 boost groups
[    0.180673] CPU7: update max cpu_capacity 1024
[    0.180740] cpuidle: using governor menu
[    0.180767] cpuidle: using governor qcom
[    0.180845] NET: Registered protocol family 42
[    0.185296] vdso: 2 pages (1 code @         (ptrval), 1 data @         (ptrval))
[    0.185307] vdso32: 2 pages (1 code @         (ptrval), 1 data @         (ptrval))
[    0.185321] hw-breakpoint: found 6 breakpoint and 4 watchpoint registers.
[    0.186097] DMA: preallocated 256 KiB pool for atomic allocations
[    0.187044] exit: IPA_USB init success!
[    0.188907] sps:sps is ready.
[    0.189326] set_restart_msg: set restart msg = `Unknown'
[    0.190721] unable to find DT imem DLOAD mode node
[    0.191942] unable to find DT imem EDLOAD mode node
[    0.193474] msm_watchdog 17c10000.qcom,wdt: wdog absent resource not present
[    0.194380] msm_watchdog 17c10000.qcom,wdt: MSM Watchdog Initialized
[    0.194894] platform soc:mem_dump: assigned reserved memory node mem_dump_region
[    0.209942] msm-dcc 10a2000.dcc_v2: DCC list passed 3
[    0.212451] msm-dcc 10a2000.dcc_v2: All values written to enable
[    0.217969] platform soc:qcom,smem: assigned reserved memory node smem@86000000
[    0.218496] platform soc:qcom,msm-adsprpc-mem: assigned reserved memory node adsp_region
[    0.225566] platform 86d00000.qseecom: assigned reserved memory node qseecom_region@9e400000
[    0.226356] platform 62400000.qcom,lpass: assigned reserved memory node pil_adsp_region@95700000
[    0.227459] spmi spmi-0: PMIC arbiter version v5 (0x50000000)
[    0.230381] platform 8300000.qcom,turing: assigned reserved memory node cdsp_regions@93900000
[    0.230791] platform 4080000.qcom,mss: assigned reserved memory node modem_region@8b000000
[    0.231042] platform aae0000.qcom,venus: assigned reserved memory node pil_video_region@93400000
[    0.231289] platform 9800000.qcom,npu: assigned reserved memory node npu_region@97680000
[    0.235701] oledb: Bringing 0uV into 4925000-4925000uV
[    0.235993] ab: Bringing 0uV into 4600000-4600000uV
[    0.236239] ibb: Bringing 0uV into 800000-800000uV
[    0.236604] spmi spmi-0: pmic_arb_wait_for_done: transaction failed (0x3)
[    0.237062] platform soc:qcom,ipa_fws: assigned reserved memory node ips_fw_region@97700000
[    0.253113] sdmmagpie-pinctrl 3400000.pinctrl: invalid resource
[    0.259864] rpmh_regulator_probe: smpf1: could not find RPMh address for resource
[    0.260114] rpmh_regulator_probe: smpf2: could not find RPMh address for resource
[    0.267061] pm6150_l17: supplied by pm6150_l11
[    0.273969] rpmh_regulator_probe: ldof1: could not find RPMh address for resource
[    0.274178] rpmh_regulator_probe: ldof2: could not find RPMh address for resource
[    0.274380] rpmh_regulator_probe: ldof4: could not find RPMh address for resource
[    0.274571] rpmh_regulator_probe: ldof5: could not find RPMh address for resource
[    0.274767] rpmh_regulator_probe: ldof6: could not find RPMh address for resource
[    0.274957] rpmh_regulator_probe: ldof7: could not find RPMh address for resource
[    0.282950] OF: amba_device_add() failed (-16) for /soc/cti@6867000
[    0.293333] platform a47df000.bootloader_log: assigned reserved memory node debug_info@A47DF000
[    0.293458] platform soc:ramoops: assigned reserved memory node ramoops_region@A481F000
[    0.293949] pstore: using zlib compression
[    0.295493] console [pstore-1] enabled
[    0.295591] pstore: Registered ramoops as persistent store backend
[    0.295656] ramoops: attached 0x400000@0xa481f000, ecc: 0/0
[    0.297180] platform soc:access_ramoops@0: assigned reserved memory node ramoops_meta_region@0xA501F000
[    0.297319] platform soc:access_ramoops@1: assigned reserved memory node alt_ramoops_region@A4C1F000
[    0.318615] gpu_cx_gdsc: supplied by pm6150l_s2_level
[    0.320379] clk: add_opp: Set OPP pair (300000000 Hz, 568000 uv) on cpu0
[    0.320696] clk: add_opp: Set OPP pair (1804800000 Hz, 820000 uv) on cpu0
[    0.320758] clk: add_opp: Set OPP pair (300000000 Hz, 568000 uv) on cpu1
[    0.321057] clk: add_opp: Set OPP pair (1804800000 Hz, 820000 uv) on cpu1
[    0.321124] clk: add_opp: Set OPP pair (300000000 Hz, 568000 uv) on cpu2
[    0.321417] clk: add_opp: Set OPP pair (1804800000 Hz, 820000 uv) on cpu2
[    0.321473] clk: add_opp: Set OPP pair (300000000 Hz, 568000 uv) on cpu3
[    0.321784] clk: add_opp: Set OPP pair (1804800000 Hz, 820000 uv) on cpu3
[    0.321853] clk: add_opp: Set OPP pair (300000000 Hz, 568000 uv) on cpu4
[    0.322163] clk: add_opp: Set OPP pair (1804800000 Hz, 820000 uv) on cpu4
[    0.322224] clk: add_opp: Set OPP pair (300000000 Hz, 568000 uv) on cpu5
[    0.322530] clk: add_opp: Set OPP pair (1804800000 Hz, 820000 uv) on cpu5
[    0.322601] clk: add_opp: Set OPP pair (300000000 Hz, 568000 uv) on cpu6
[    0.323008] clk: add_opp: Set OPP pair (2208000000 Hz, 884000 uv) on cpu6
[    0.323071] clk: add_opp: Set OPP pair (300000000 Hz, 568000 uv) on cpu7
[    0.323484] clk: add_opp: Set OPP pair (2208000000 Hz, 884000 uv) on cpu7
[    0.323778] clk: add_opp: Set OPP pair (300000000 Hz, 568000 uv) on soc:qcom,cpu0-cpu-l3-lat
[    0.323793] clk: add_opp: Set OPP pair (300000000 Hz, 568000 uv) on soc:qcom,cpu6-cpu-l3-lat
[    0.323807] clk: add_opp: Set OPP pair (300000000 Hz, 568000 uv) on soc:qcom,cdsp-cdsp-l3-lat
[    0.324816] clk: add_opp: Set OPP pair (1459200000 Hz, 764000 uv) on soc:qcom,cpu0-cpu-l3-lat
[    0.324831] clk: add_opp: Set OPP pair (1459200000 Hz, 764000 uv) on soc:qcom,cpu6-cpu-l3-lat
[    0.324844] clk: add_opp: Set OPP pair (1459200000 Hz, 764000 uv) on soc:qcom,cdsp-cdsp-l3-lat
[    0.325596] sched-energy: Sched-energy-costs installed from DT
[    0.326969] cpufreq: driver osm-cpufreq up and running
[    0.326986] clk: clk_cpu_osm_driver_probe: OSM CPUFreq driver inited
[    0.330040] CPU6: update max cpu_capacity 1024
[    0.344111] cam_cc-sdmmagpie ad00000.qcom,camcc: Registered Camera CC clocks
[    0.345575] qmp-aop-clk soc:qcom,aopclk: Registered clocks with AOP
[    0.347767] clk-rpmh soc:qcom,rpmh: Registered RPMh clocks
[    0.353151] disp_cc-sdmmagpie af00000.qcom,dispcc: Registered Display CC clocks
[    0.383880] gcc-sdmmagpie 100000.qcom,gcc: Registered GCC clocks
[    0.387485] gpu_cc_gmu_clk_src: set OPP pair(19200000 Hz: 49 uV) on 506a000.qcom,gmu
[    0.387573] gpu_cc_gmu_clk_src: set OPP pair(200000000 Hz: 49 uV) on 506a000.qcom,gmu
[    0.388321] gpu_cc_gx_gfx3d_clk_src: set OPP pair(180000000 Hz: 49 uV) on 5000000.qcom,kgsl-3d0
[    0.388605] gpu_cc_gx_gfx3d_clk_src: set OPP pair(700000000 Hz: 385 uV) on 5000000.qcom,kgsl-3d0
[    0.388722] gpu_cc_gx_gfx3d_clk_src: set OPP pair(825000000 Hz: 417 uV) on 5000000.qcom,kgsl-3d0
[    0.389001] gpu_cc-sdmmagpie 5090000.qcom,gpucc: Registered GPU CC clocks
[    0.394971] video_cc-sdmmagpie ab00000.qcom,videocc: Registered Video CC clocks
[    0.404550] KPI: Bootloader start count = 1319893503
[    0.404567] KPI: Bootloader end count = 3934186495
[    0.404580] KPI: Bootloader load kernel count = 3724244980
[    0.404592] KPI: Kernel MPM timestamp = 990375
[    0.404604] KPI: Kernel MPM Clock frequency = 32768
[    0.404653] socinfo_print: v0.15, id=365, ver=1.0, raw_id=230, raw_ver=0, hw_plat=34, hw_plat_ver=65536
                accessory_chip=0, hw_plat_subtype=0, pmic_model=65576, pmic_die_revision=131072 foundry_id=3 serial_number=1052117717 num_pmics=2 chip_family=0x60 raw_device_family=0x6 raw_device_number=0xc nproduct_id=0x40f num_clusters=0x1 ncluster_array_offset=0xbc num_defective_parts=0xc ndefective_parts_array_offset=0xc0 nmodem_supported=0xff g_hw_plat=5 g_hw_plat_ver=917544 g_hw_plat_subtype=0
[    0.404777] msm_bus_fabric_rpmh_init_driver
[    0.405040] msm_bus: Probe started
[    0.405964] msm_bus_device 16e0000.ad-hoc-bus: Bus type is missing
[    0.406118] msm_bus_device 16e0000.ad-hoc-bus: Bus type is missing
[    0.406155] msm_bus_device 16e0000.ad-hoc-bus: Bus type is missing
[    0.406264] msm_bus_device 16e0000.ad-hoc-bus: Bus type is missing
[    0.410097] msm_bus: DT Parsing complete
[    0.414288] msm_bus_fab_init_noc_ops: Invalid Bus type
[    0.414612] msm_bus_fab_init_noc_ops: Invalid Bus type
[    0.414686] msm_bus_fab_init_noc_ops: Invalid Bus type
[    0.414945] msm_bus_fab_init_noc_ops: Invalid Bus type
[    0.437141] reg-fixed-voltage 0.gpio-regulator: could not find pctldev for node /soc/qcom,spmi@c440000/qcom,pm6150l@4/pinctrl@c000/camera_rear_vcm_en/camera_rear_vcm_en_default, deferring probe
[    0.438021] reg-fixed-voltage-tps soc:ext_5v_boost: could not find pctldev for node /soc/qcom,spmi@c440000/qcom,pm6150@0/pinctrl@c000/ext_5v_vbus/ext_5v_vbus_default, deferring probe
[    0.439805] arm-smmu 5040000.arm,smmu-kgsl: 	non-coherent table walk
[    0.439832] arm-smmu 5040000.arm,smmu-kgsl: 	(IDR0.CTTW overridden by FW configuration)
[    0.439851] arm-smmu 5040000.arm,smmu-kgsl: 	stream matching with 5 register groups
[    0.443000] register_client_adhoc:find path.src 161 dest 627
[    0.443357] register_client_adhoc:Client handle 1 apps_smmu
[    0.443561] arm-smmu 15000000.apps-smmu: 	non-coherent table walk
[    0.443593] arm-smmu 15000000.apps-smmu: 	(IDR0.CTTW overridden by FW configuration)
[    0.443610] arm-smmu 15000000.apps-smmu: 	stream matching with 79 register groups
[    0.445748] register_client_adhoc:find path.src 161 dest 627
[    0.446089] register_client_adhoc:Client handle 2 apps_smmu
[    0.446538] register_client_adhoc:find path.src 161 dest 627
[    0.446857] register_client_adhoc:Client handle 3 apps_smmu
[    0.447269] register_client_adhoc:find path.src 22 dest 773
[    0.447456] register_client_adhoc:Client handle 4 mnoc_hf_0_tbu
[    0.447860] register_client_adhoc:find path.src 22 dest 773
[    0.448034] register_client_adhoc:Client handle 5 mnoc_hf_1_tbu
[    0.448408] register_client_adhoc:find path.src 137 dest 772
[    0.448587] register_client_adhoc:Client handle 6 mnoc_sf_0_tbu
[    0.448936] register_client_adhoc:find path.src 154 dest 10076
[    0.449061] register_client_adhoc:Client handle 7 apps_smmu
[    0.449461] register_client_adhoc:find path.src 161 dest 627
[    0.449829] register_client_adhoc:Client handle 8 apps_smmu
[    0.450340] register_client_adhoc:find path.src 161 dest 627
[    0.450736] register_client_adhoc:Client handle 9 apps_smmu
[    0.452251] SCSI subsystem initialized
[    0.452435] usbcore: registered new interface driver usbfs
[    0.452484] usbcore: registered new interface driver hub
[    0.452534] usbcore: registered new device driver usb
[    0.453042] usb_phy_generic soc:usb_nop_phy: soc:usb_nop_phy supply vcc not found, using dummy regulator
[    0.453573] qcom,qpnp-power-on c440000.qcom,spmi:qcom,pm6150@0:qcom,power-on@800: PMIC@SID0 Power-on reason: Triggered from Hard Reset and 'cold' boot
[    0.453611] qcom,qpnp-power-on c440000.qcom,spmi:qcom,pm6150@0:qcom,power-on@800: PMIC@SID0: Power-off reason: Triggered from PS_HOLD (PS_HOLD/MSM Controlled Shutdown)
[    0.453885] input: qpnp_pon as /devices/platform/soc/c440000.qcom,spmi/spmi-0/spmi0-00/c440000.qcom,spmi:qcom,pm6150@0:qcom,power-on@800/input/input0
[    0.454344] qcom,qpnp-power-on c440000.qcom,spmi:qcom,pm6150l@4:qcom,power-on@800: PMIC@SID4 Power-on reason: Triggered from PON1 (Secondary PMIC) and 'cold' boot
[    0.454381] qcom,qpnp-power-on c440000.qcom,spmi:qcom,pm6150l@4:qcom,power-on@800: PMIC@SID4: Power-off reason: Triggered from SOFT (Software)
[    0.454889] media: Linux media interface: v0.10
[    0.454925] Linux video capture interface: v2.00
[    0.454979] pps_core: LinuxPPS API ver. 1 registered
[    0.454992] pps_core: Software ver. 5.3.6 - Copyright 2005-2007 Rodolfo Giometti <giometti@linux.it>
[    0.455012] PTP clock support registered
[    0.470922] EDAC MC: Ver: 3.0.0
[    0.472569] platform soc:qcom,ion:qcom,ion-heap@27: assigned reserved memory node qseecom_region@9e400000
[    0.472886] platform soc:qcom,ion:qcom,ion-heap@19: assigned reserved memory node qseecom_ta_region
[    0.473139] platform soc:qcom,ion:qcom,ion-heap@13: assigned reserved memory node sp_region
[    0.473461] platform soc:qcom,ion:qcom,ion-heap@10: assigned reserved memory node secure_display_region
[    0.474114] iommu: Adding device 8c0000.qcom,qupv3_0_geni_se:qcom,iommu_qupv3_0_geni_se_cb to group 0
[    0.474156] ION heap system created
[    0.474343] ION heap qsecom created at 0x000000009e400000 with size 1400000
[    0.474361] ION heap qsecom_ta created at 0x00000000f8000000 with size 1000000
[    0.474375] ION heap spss created at 0x00000000f7800000 with size 800000
[    0.474389] ION heap secure_display created at 0x00000000fa000000 with size 5c00000
[    0.474819] iommu: Adding device ac0000.qcom,qupv3_1_geni_se:qcom,iommu_qupv3_1_geni_se_cb to group 1
[    0.475646] PMIC@SID0: PM6150 v2.0 options: 0, 0, 0, 0
[    0.475810] PMIC@SID4: PM8150A v2.0 options: 0, 0, 0, 0
[    0.475929] spmi spmi-0: pmic_arb_wait_for_done: transaction failed (0x3)
[    0.475942] read failed rc=-5
[    0.475953] Invalid REVID peripheral type: 00
[    0.475983] qcom,qpnp-revid: probe of c440000.qcom,spmi:qcom,pm8009@a:qcom,revid@100 failed with error -22
[    0.477704] register_client_adhoc:find path.src 90 dest 512
[    0.478454] register_client_adhoc:find path.src 90 dest 585
[    0.478809] register_client_adhoc:find path.src 1 dest 676
[    0.479362] register_client_adhoc:find path.src 143 dest 777
[    0.479527] register_client_adhoc:Client handle 10 ipa
[    0.486589] ipa ipa3_smp2p_probe:8363 fail to get smp2p clk resp bit -517
[    0.488839] iommu: Adding device soc:ipa_smmu_ap to group 2
[    0.489403] iommu: Adding device soc:ipa_smmu_wlan to group 3
[    0.489774] iommu: Adding device soc:ipa_smmu_uc to group 4
[    0.491463] ipa ipa3_smp2p_probe:8363 fail to get smp2p clk resp bit -517
[    0.499146] Advanced Linux Sound Architecture Driver Initialized.
[    0.499976] codec_detect codec_detect: created codec_detect
[    0.501368] Bluetooth: Core ver 2.22
[    0.501527] NET: Registered protocol family 31
[    0.501544] Bluetooth: HCI device and connection manager initialized
[    0.501578] Bluetooth: HCI socket layer initialized
[    0.501613] Bluetooth: L2CAP socket layer initialized
[    0.501671] Bluetooth: SCO socket layer initialized
[    0.502970] NetLabel: Initializing
[    0.502989] NetLabel:  domain hash size = 128
[    0.503004] NetLabel:  protocols = UNLABELED CIPSOv4 CALIPSO
[    0.503142] NetLabel:  unlabeled traffic allowed by default
[    0.503281] pcie:pcie_init.
[    0.523240] register_client_adhoc:find path.src 22 dest 512
[    0.523848] register_client_adhoc:Client handle 11 bus-proxy-client
[    0.524938] sched-energy energy-costs: cpu=0 eff=1024 [freq=300000 cap=83 power_d0=10] -> [freq=1804800 cap=494 power_d0=119]
[    0.524972] sched-energy energy-costs: cpu=1 eff=1024 [freq=300000 cap=83 power_d0=10] -> [freq=1804800 cap=494 power_d0=119]
[    0.524993] sched-energy energy-costs: cpu=2 eff=1024 [freq=300000 cap=83 power_d0=10] -> [freq=1804800 cap=494 power_d0=119]
[    0.525013] sched-energy energy-costs: cpu=3 eff=1024 [freq=300000 cap=83 power_d0=10] -> [freq=1804800 cap=494 power_d0=119]
[    0.525033] sched-energy energy-costs: cpu=4 eff=1024 [freq=300000 cap=83 power_d0=10] -> [freq=1804800 cap=494 power_d0=119]
[    0.525052] sched-energy energy-costs: cpu=5 eff=1024 [freq=300000 cap=83 power_d0=10] -> [freq=1804800 cap=494 power_d0=119]
[    0.525072] sched-energy energy-costs: cpu=6 eff=1740 [freq=300000 cap=140 power_d0=166] -> [freq=2400000 cap=1024 power_d0=2568]
[    0.525091] sched-energy energy-costs: cpu=7 eff=1740 [freq=300000 cap=140 power_d0=166] -> [freq=2400000 cap=1024 power_d0=2568]
[    0.525106] sched-energy energy-costs: Sched-energy-costs capacity updated
[    0.528095] gpu_gx_gdsc: supplied by pm6150_s2_level
[    0.533911] npu_cc-sdmmagpie 9910000.qcom,npucc: Registered NPU CC clocks
[    0.534060] reg-fixed-voltage 0.gpio-regulator: could not find pctldev for node /soc/qcom,spmi@c440000/qcom,pm6150l@4/pinctrl@c000/camera_rear_vcm_en/camera_rear_vcm_en_default, deferring probe
[    0.534198] reg-fixed-voltage-tps soc:ext_5v_boost: could not find pctldev for node /soc/qcom,spmi@c440000/qcom,pm6150@0/pinctrl@c000/ext_5v_vbus/ext_5v_vbus_default, deferring probe
[    0.534387] ipa ipa3_smp2p_probe:8363 fail to get smp2p clk resp bit -517
[    0.557161] platform soc:qcom,ion:qcom,ion-heap@14: ion_secure_carveout: creating heap@0x9f800000, size 0x1e00000
[    0.557188] ION heap secure_carveout created
[    0.557207] ION heap secure_heap created
[    0.560549] clocksource: Switched to clocksource arch_sys_counter
[    0.651319] VFS: Disk quotas dquot_6.6.0
[    0.651413] VFS: Dquot-cache hash table entries: 512 (order 0, 4096 bytes)
[    0.652564] mdss_pll_probe: MDSS pll label = MDSS DSI 0 PLL
[    0.652749] mdss_pll ae94a00.qcom,mdss_dsi_pll: Failed to create debugfs directory
[    0.652770] mdss_pll ae94a00.qcom,mdss_dsi_pll: Failed to create debugfs directory
[    0.652790] mdss_pll ae94a00.qcom,mdss_dsi_pll: Failed to create debugfs directory
[    0.652808] mdss_pll ae94a00.qcom,mdss_dsi_pll: Failed to create debugfs directory
[    0.652825] mdss_pll ae94a00.qcom,mdss_dsi_pll: Failed to create debugfs directory
[    0.652843] mdss_pll ae94a00.qcom,mdss_dsi_pll: Failed to create debugfs directory
[    0.655592] dsi_pll_clock_register_10nm: Registered DSI PLL ndx=0, clocks successfully
[    0.656253] mdss_pll_probe: MDSS pll label = MDSS DSI 1 PLL
[    0.656411] mdss_pll ae96a00.qcom,mdss_dsi_pll: Failed to create debugfs directory
[    0.656431] mdss_pll ae96a00.qcom,mdss_dsi_pll: Failed to create debugfs directory
[    0.656449] mdss_pll ae96a00.qcom,mdss_dsi_pll: Failed to create debugfs directory
[    0.656471] mdss_pll ae96a00.qcom,mdss_dsi_pll: Failed to create debugfs directory
[    0.656490] mdss_pll ae96a00.qcom,mdss_dsi_pll: Failed to create debugfs directory
[    0.656509] mdss_pll ae96a00.qcom,mdss_dsi_pll: Failed to create debugfs directory
[    0.661616] dsi_pll_10nm_lock_status: DSI PLL(1) lock failed, status=0x00000000
[    0.667863] dsi_pll_10nm_lock_status: DSI PLL(1) lock failed, status=0x00000000
[    0.668890] dsi_pll_clock_register_10nm: Registered DSI PLL ndx=1, clocks successfully
[    0.668962] mdss_pll_probe: MDSS pll label = MDSS DP PLL
[    0.671860] NET: Registered protocol family 2
[    0.672587] TCP established hash table entries: 65536 (order: 7, 524288 bytes)
[    0.673125] TCP bind hash table entries: 65536 (order: 8, 1048576 bytes)
[    0.673846] TCP: Hash tables configured (established 65536 bind 65536)
[    0.673991] UDP hash table entries: 4096 (order: 5, 131072 bytes)
[    0.674110] UDP-Lite hash table entries: 4096 (order: 5, 131072 bytes)
[    0.674394] NET: Registered protocol family 1
[    0.674434] PCI: CLS 0 bytes, default 128
[    0.674624] reg-fixed-voltage 0.gpio-regulator: could not find pctldev for node /soc/qcom,spmi@c440000/qcom,pm6150l@4/pinctrl@c000/camera_rear_vcm_en/camera_rear_vcm_en_default, deferring probe
[    0.674782] reg-fixed-voltage-tps soc:ext_5v_boost: could not find pctldev for node /soc/qcom,spmi@c440000/qcom,pm6150@0/pinctrl@c000/ext_5v_vbus/ext_5v_vbus_default, deferring probe
[    0.675003] ipa ipa3_smp2p_probe:8363 fail to get smp2p clk resp bit -517
[    0.675521] Trying to unpack rootfs image as initramfs...
[    1.500382] Freeing initrd memory: 7488K
[    1.504366] hw perfevents: enabled with armv8_pmuv3 PMU driver, 7 counters available
[    1.511865] audit: initializing netlink subsys (disabled)
[    1.512111] audit: type=2000 audit(1.509:1): state=initialized audit_enabled=0 res=1
[    1.512450] Initialise system trusted keyrings
[    1.512646] workingset: timestamp_bits=61 max_order=21 bucket_order=0
[    1.519380] Registering sdcardfs 0.1
[    1.519655] fuse init (API version 7.26)
[    1.520633] SELinux:  Registering netfilter hooks
[    1.521402] pfk_ext4 [pfk_ext4_init]: PFK EXT4 inited successfully
[    1.521420] pfk_f2fs [pfk_f2fs_init]: PFK F2FS inited successfully
[    1.521434] pfk [pfk_init]: Driver initialized successfully
[    1.529659] Key type asymmetric registered
[    1.529678] Asymmetric key parser 'x509' registered
[    1.529704] io scheduler noop registered
[    1.529880] io scheduler cfq registered (default)
[    1.529894] io scheduler mq-deadline registered
[    1.529906] io scheduler kyber registered
[    1.537657] spmi spmi-0: pmic_arb_wait_for_done: transaction failed (0x3)
[    1.537684] qcom-spmi-gpio c440000.qcom,spmi:qcom,pm8009@a:pinctrl@c000: read 0x4 failed
[    1.537702] qcom-spmi-gpio c440000.qcom,spmi:qcom,pm8009@a:pinctrl@c000: failed to populate gpio 0, ret=-5
[    1.537733] qcom-spmi-gpio: probe of c440000.qcom,spmi:qcom,pm8009@a:pinctrl@c000 failed with error -5
[    1.544610] iommu: Adding device 800000.qcom,gpi-dma to group 5
[    1.547049] iommu: Adding device a00000.qcom,gpi-dma to group 6
[    1.556215] iommu: Adding device 18800000.qcom,icnss to group 7
[    1.556307] icnss: Recursive recovery allowed for WLAN
[    1.557041] memshare_child soc:qcom,memshare:qcom,client_1: for memshare_GPS segments only will be dumped.
[    1.557377] icnss 18800000.qcom,icnss: for wcss_msa0 segments only will be dumped.
[    1.557421] memshare_child soc:qcom,memshare:qcom,client_2: for memshare_FTM segments only will be dumped.
[    1.557593] icnss: Platform driver probed successfully
[    1.557827] memshare_child soc:qcom,memshare:qcom,client_3: for memshare_DIAG segments only will be dumped.
[    1.558900] register_client_adhoc:find path.src 125 dest 512
[    1.559635] register_client_adhoc:Client handle 12 scm_pas
[    1.562187] register_client_adhoc:find path.src 63 dest 512
[    1.562740] register_client_adhoc:Client handle 13 pil-venus
[    1.562778] subsys-pil-tz aae0000.qcom,venus: for venus segments only will be dumped.
[    1.563076] subsys-pil-tz 9800000.qcom,npu: for npu segments only will be dumped.
[    1.563399] subsys-pil-tz soc:qcom,ipa_fws: for ipa_fws segments only will be dumped.
[    1.563906] subsys-pil-tz soc:qcom,kgsl-hyp: for a615_zap segments only will be dumped.
[    1.572584] smp2p_sleepstate soc:qcom,smp2p_sleepstate: got smp2p-sleepstate-in irq 398
[    1.574928] modemsmem soc:modemsmem: Get modem_flag node failed
[    1.577379] msm_geni_serial 88c000.qcom,qup_uart: Wakeup byte 0xfd
[    1.577599] msm_geni_serial 88c000.qcom,qup_uart: Serial port0 added.FifoSize 64 is_console0
[    1.578314] 88c000.qcom,qup_uart: ttyHS0 at MMIO 0x88c000 (irq = 115, base_baud = 0) is a MSM
[    1.580313] msm_geni_serial a88000.qcom,qup_uart: Serial port0 added.FifoSize 64 is_console1
[    1.580874] a88000.qcom,qup_uart: ttyMSM0 at MMIO 0xa88000 (irq = 118, base_baud = 0) is a MSM
[    1.581548] msm_geni_serial_init: Driver initialized
[    1.581985] register_client_adhoc:find path.src 1 dest 618
[    1.582564] register_client_adhoc:Client handle 14 msm-rng-noc
[    1.584519] random: crng init done
[    1.586370] diag: MUX: unable to register pcie operations for proc: 0, err: -22
[    1.586391] diag: MUX: unable to register PCIe operations, continuing with USB registrations for proc: 0, err: -22
[    1.601261] register_client_adhoc:find path.src 20003 dest 20515
[    1.601522] register_client_adhoc:find path.src 20004 dest 20515
[    1.601730] register_client_adhoc:Client handle 15 disp_rsc_mnoc
[    1.601796] register_client_adhoc:find path.src 20001 dest 20513
[    1.601988] register_client_adhoc:Client handle 16 disp_rsc_llcc
[    1.602054] register_client_adhoc:find path.src 20000 dest 20512
[    1.602249] register_client_adhoc:Client handle 17 disp_rsc_ebi
[    1.602611] [sde_rsc_hw:rsc_hw_init:714]: sde rsc init successfully done
[    1.602676] [sde_rsc:sde_rsc_probe:1878]: sde rsc index:0 probed successfully
[    1.603832] dsi_phy ae94400.qcom,mdss_dsi_phy0: ae94400.qcom,mdss_dsi_phy0 supply gdsc not found, using dummy regulator
[    1.603948] msm-dsi-phy:[dsi_phy_driver_probe] Probe successful for dsi-phy-0
[    1.604073] dsi_phy ae96400.qcom,mdss_dsi_phy1: ae96400.qcom,mdss_dsi_phy1 supply gdsc not found, using dummy regulator
[    1.604157] msm-dsi-phy:[dsi_phy_driver_probe] Probe successful for dsi-phy-1
[    1.605637] AXI: get_pdata(): Error: Client name not found
[    1.605654] AXI: msm_bus_cl_get_pdata(): client has to provide missing entry for successful registration
[    1.605668] dsi-ctrl:[dsi_ctrl_dev_probe] Probe successful for dsi-ctrl-0
[    1.605934] AXI: get_pdata(): Error: Client name not found
[    1.605949] AXI: msm_bus_cl_get_pdata(): client has to provide missing entry for successful registration
[    1.605963] dsi-ctrl:[dsi_ctrl_dev_probe] Probe successful for dsi-ctrl-1
[    1.607290] OF: graph: no port node found in /soc/qcom,dsi-display
[    1.607423] msm-dsi-panel:[dsi_panel_parse_qsync_caps:1476] [sofef01 cmd mode dsi sdc panel] qsync min fps not defined rc:-22
[    1.607439] msm-dsi-panel:[dsi_panel_get:3403] failed to parse qsync features, rc=-22
[    1.607507] msm-dsi-panel:[dsi_panel_parse_reset_sequence:2156] RESET SEQ LENGTH = 16
[    1.608866] msm-dsi-panel:[dsi_panel_parse_misc_features:2207] dsi_panel_parse_misc_features: ulps feature disabled
[    1.608888] msm-dsi-panel:[dsi_panel_parse_misc_features:2213] dsi_panel_parse_misc_features: ulps during suspend feature disabled
[    1.611385] iommu: Adding device ae00000.qcom,mdss_mdp to group 8
[    1.612084] register_client_adhoc:find path.src 1 dest 590
[    1.612475] register_client_adhoc:Client handle 18 mdss_reg
[    1.612522] register_client_adhoc:find path.src 22 dest 512
[    1.612846] register_client_adhoc:find path.src 23 dest 512
[    1.613119] register_client_adhoc:Client handle 19 mdss_sde
[    1.613191] [drm:sde_dbg_init:5187] evtlog_status: enable:0, panic:1, dump:2
[    1.613238] msm_drm ae00000.qcom,mdss_mdp: bound af20000.qcom,sde_rscc (ops sde_rsc_comp_ops)
[    1.613252] msm_drm ae00000.qcom,mdss_mdp: bound soc:qcom,wb-display@0 (ops sde_wb_comp_ops)
[    1.613708] dsi_backlight_register:784: LAB regulator found
[    1.613883] msm-dsi-display:[dsi_display_bind] Successfully bind display panel 'dsi_sofef01_sdc_1080p_cmd_display'
[    1.614110] genirq: irq_chip msmgpio-dc did not update eff. affinity mask of irq 245
[    1.614160] msm_drm ae00000.qcom,mdss_mdp: bound soc:qcom,dsi-display (ops dsi_display_comp_ops)
[    1.614192] [drm] mapped mdp address space @ffffff8012500000
[    1.614250] msm_drm ae00000.qcom,mdss_mdp: failed to get memory resource: vbif_nrt_phys
[    1.614267] msm_drm ae00000.qcom,mdss_mdp: failed to get memory resource: sid_phys
[    1.614299] [drm:_sde_kms_get_splash_data:3527] splash mem num_regions:1
[    1.614322] [drm:_sde_kms_get_splash_data:3560] splash mem for disp:1 add:9c000000 size:1700000
[    1.614994] [drm:sde_kms_hw_init:3708] sde hardware revision:0x50020000
[    1.616510] [drm] Created domain mdp_ns [80000000,80000000] secure=0
[    1.616876] iommu: Adding device 506a000.qcom,gmu:gmu_user to group 9
[    1.617560] iommu: Adding device 506a000.qcom,gmu:gmu_kernel to group 10
[    1.619301] iommu: Adding device ae00000.qcom,mdss_mdp:qcom,smmu_sde_sec_cb to group 11
[    1.619432] [drm] probing device qcom,smmu_sde_sec
[    1.619447] [drm] Created domain mdp_s [80000000,80000000] secure=1
[    1.623487] brd: module loaded
[    1.623516] [drm:reg_dmav1_init_sspp_op_v4] *ERROR* invalid feature map 12 for feature 31
[    1.623835] [drm:reg_dmav1_init_sspp_op_v4] *ERROR* invalid feature map 12 for feature 31
[    1.624743] [drm:reg_dmav1_init_sspp_op_v4] *ERROR* invalid feature map 12 for feature 31
[    1.624791] [drm:reg_dmav1_init_sspp_op_v4] *ERROR* invalid feature map 12 for feature 31
[    1.625540] [drm] Supports vblank timestamp caching Rev 2 (21.10.2013).
[    1.625549] [drm] No driver support for vblank timestamp query.
[    1.626493] [drm] Initialized msm_drm 1.2.0 20130625 for ae00000.qcom,mdss_mdp on minor 0
[    1.626580] msm-dsi-panel:[dsi_panel_parse_topology:2863] default topology: lm: 1 comp_enc:0 intf: 1
[    1.626645] msm-dsi-panel:[dsi_panel_parse_partial_update_caps:2956] partial update disabled as the property is not set
[    1.626843] dsi-ctrl:[_dsi_ctrl_setup_isr] [DSI_0] IRQ 401 registered
[    1.632346] register_client_adhoc:find path.src 26 dest 512
[    1.632709] register_client_adhoc:Client handle 20 grp3d
[    1.632776] register_client_adhoc:find path.src 26 dest 10036
[    1.633128] register_client_adhoc:Client handle 21 cnoc
[    1.633145] query_client_usecase_all: query_start
[    1.633247] query_client_usecase_all: query_start
[    1.635424] iommu: Adding device 5040000.qcom,kgsl-iommu:gfx3d_user to group 12
[    1.635864] iommu: Adding device 5040000.qcom,kgsl-iommu:gfx3d_secure to group 13
[    1.641581] loop: module loaded
[    1.641953] zram: Added device: zram0
[    1.643365] QSEECOM: qseecom_probe: qseecom.qsee_version = 0x1400000
[    1.643405] QSEECOM: qseecom_retrieve_ce_data: Device does not support PFE
[    1.643416] QSEECOM: qseecom_probe: no-clock-support=0x1
[    1.643432] QSEECOM: qseecom_probe: qseecom.qsee_reentrancy_support = 2
[    1.643552] QSEECOM: qseecom_probe: qseecom.whitelist_support = 1
[    1.645079] misc access-metadata: registered 'metadata' 10:61, (1000@0x00000000a501f000)
[    1.645222] misc access-ramoops: registered 'ramoops' 10:60, (400000@0x00000000a4c1f000)
[    1.645350] st21nfc_dev_init: Loading st21nfc driver (version 2.0.15)
[    1.645887] iommu: Adding device 1de0000.qcedev to group 14
[    1.646246] register_client_adhoc:find path.src 125 dest 512
[    1.646998] register_client_adhoc:Client handle 22 qcedev-noc
[    1.647265] QCE50: __qce_get_device_tree_data: CE operating frequency is not defined, setting to default 100MHZ
[    1.648770] qce 1de0000.qcedev: QTI Crypto 5.4.1 device found @0x1de0000
[    1.649060] sps:BAM 0x0000000001dc4000 is registered.
[    1.649368] sps:BAM 0x0000000001dc4000 (va:0xffffff8013040000) enabled: ver:0x27, number of pipes:16
[    1.649684] QCE50: qce_sps_init:  QTI MSM CE-BAM at 0x0000000001dc4000 irq 49
[    1.656017] iommu: Adding device 1de0000.qcrypto to group 15
[    1.656158] register_client_adhoc:find path.src 125 dest 512
[    1.656906] register_client_adhoc:Client handle 23 qcrypto-noc
[    1.657181] QCE50: __qce_get_device_tree_data: CE operating frequency is not defined, setting to default 100MHZ
[    1.658498] qcrypto 1de0000.qcrypto: QTI Crypto 5.4.1 device found @0x1de0000
[    1.659124] QCE50: qce_sps_init:  QTI MSM CE-BAM at 0x0000000001dc4000 irq 49
[    1.663351] qcrypto 1de0000.qcrypto: qcrypto-ecb-aes
[    1.663558] qcrypto 1de0000.qcrypto: qcrypto-cbc-aes
[    1.663711] qcrypto 1de0000.qcrypto: qcrypto-ctr-aes
[    1.663856] qcrypto 1de0000.qcrypto: qcrypto-ecb-des
[    1.663984] qcrypto 1de0000.qcrypto: qcrypto-cbc-des
[    1.664127] qcrypto 1de0000.qcrypto: qcrypto-ecb-3des
[    1.664275] qcrypto 1de0000.qcrypto: qcrypto-cbc-3des
[    1.664418] qcrypto 1de0000.qcrypto: qcrypto-xts-aes
[    1.664560] qcrypto 1de0000.qcrypto: qcrypto-sha1
[    1.664705] qcrypto 1de0000.qcrypto: qcrypto-sha256
[    1.664853] qcrypto 1de0000.qcrypto: qcrypto-aead-hmac-sha1-cbc-aes
[    1.665003] qcrypto 1de0000.qcrypto: qcrypto-aead-hmac-sha1-cbc-des
[    1.665149] qcrypto 1de0000.qcrypto: qcrypto-aead-hmac-sha1-cbc-3des
[    1.665302] qcrypto 1de0000.qcrypto: qcrypto-aead-hmac-sha256-cbc-aes
[    1.665451] qcrypto 1de0000.qcrypto: qcrypto-aead-hmac-sha256-cbc-des
[    1.665597] qcrypto 1de0000.qcrypto: qcrypto-aead-hmac-sha256-cbc-3des
[    1.665743] qcrypto 1de0000.qcrypto: qcrypto-hmac-sha1
[    1.665888] qcrypto 1de0000.qcrypto: qcrypto-hmac-sha256
[    1.666030] qcrypto 1de0000.qcrypto: qcrypto-aes-ccm
[    1.666179] qcrypto 1de0000.qcrypto: qcrypto-rfc4309-aes-ccm
[    1.667018] qcom_ice_get_device_tree_data: No vdd-hba-supply regulator, assuming not needed
[    1.668461] ufshcd-qcom 1d84000.ufshc: ufshcd_populate_vreg: Unable to find vccq-supply regulator, assuming enabled
[    1.669507] qcom_ice_get_pdevice: found ice device ffffffcbee623400
[    1.669518] qcom_ice_get_pdevice: matching platform device ffffffcbf224b400
[    1.669720] register_client_adhoc:find path.src 123 dest 512
[    1.670296] register_client_adhoc:find path.src 1 dest 757
[    1.670609] register_client_adhoc:Client handle 24 ufshc_mem
[    1.670895] ufshcd-qcom 1d84000.ufshc: ufs_qcom_parse_reg_info: Unable to find qcom,vccq-parent-supply regulator, assuming enabled
[    1.671750] scsi host0: ufshcd
[    1.671763] Ethernet Channel Bonding Driver: v3.7.1 (April 27, 2011)
[    1.673799] libphy: Fixed MDIO Bus: probed
[    1.674036] tun: Universal TUN/TAP device driver, 1.6
[    1.674113] PPP generic driver version 2.4.2
[    1.674197] PPP BSD Compression module registered
[    1.674211] PPP Deflate Compression module registered
[    1.674252] PPP MPPE Compression module registered
[    1.674267] NET: Registered protocol family 24
[    1.674295] PPTP driver version 0.8.5
[    1.674813] CLD80211: Initializing
[    1.674985] usbcore: registered new interface driver rtl8150
[    1.675034] usbcore: registered new interface driver r8152
[    1.675074] usbcore: registered new interface driver asix
[    1.675113] usbcore: registered new interface driver ax88179_178a
[    1.675151] usbcore: registered new interface driver cdc_ether
[    1.675188] usbcore: registered new interface driver net1080
[    1.675228] usbcore: registered new interface driver cdc_subset
[    1.675265] usbcore: registered new interface driver zaurus
[    1.675569] usbcore: registered new interface driver cdc_ncm
[    1.676243] qcom_ice 1d90000.ufsice: QC ICE 3.1.75 device found @0xffffff8013460000
[    1.682022] msm_sharedmem: msm_sharedmem_probe: Device created for client 'rmtfs'
[    1.684374] msm-usb-ssphy-qmp 88e8000.ssphy: failed to get phandle for msm_ssphy_qmp
[    1.689255] iommu: Adding device a600000.ssusb to group 16
[    1.693185] dwc3 a600000.dwc3: changing max_speed on rev 00000000
[    1.700880] msm-dwc3 a600000.ssusb: unable to get ssphy device
[    1.705024] ehci_hcd: USB 2.0 'Enhanced' Host Controller (EHCI) Driver
[    1.705068] ehci-pci: EHCI PCI platform driver
[    1.705120] ehci-platform: EHCI generic platform driver
[    1.706001] ohci_hcd: USB 1.1 'Open' Host Controller (OHCI) Driver
[    1.706023] ohci-pci: OHCI PCI platform driver
[    1.706085] ohci-platform: OHCI generic platform driver
[    1.708513] usbcore: registered new interface driver usb-storage
[    1.708562] usbcore: registered new interface driver usb_ehset_test
[    1.708601] usbcore: registered new interface driver lvs
[    1.710654] logbuffer:  id:usbpd registered
[    1.710877]  usbpd0: Can't find vbus-supply
[    1.711139] logbuffer:  id:usbpd unregistered
[    1.711164] qpnp-pdphy c440000.qcom,spmi:qcom,pm6150@0:qcom,usb-pdphy@1700: usbpd_create failed: -517
[    1.712061] usbcore: registered new interface driver xpad
[    1.713387] fpc1020 soc:fp_fpc1020: found pin control fpc1020_reset_reset
[    1.713406] fpc1020 soc:fp_fpc1020: found pin control fpc1020_reset_active
[    1.713421] fpc1020 soc:fp_fpc1020: found pin control fpc1020_irq_active
[    1.722763] ufshcd-qcom 1d84000.ufshc: ufshcd_print_pwr_info:[RX, TX]: gear=[1, 1], lane[1, 1], pwr[SLOWAUTO_MODE, SLOWAUTO_MODE], rate = 0
[    1.724619] fpc1020 soc:fp_fpc1020: IRQ after reset 1
[    1.724642] fpc1020 soc:fp_fpc1020: fpc1020_probe: ok
[    1.724804] fpc1020_init OK
[    1.725630] keydebug_parse_dt: DT:key_down_delay=7000 dbg_fn_delay=2500 keys_down num_keys=1
[    1.725644] keydebug_parse_dt: DT:keys_down=116
[    1.727864] qcom,qpnp-rtc c440000.qcom,spmi:qcom,pm6150@0:qcom,pm6150_rtc: rtc core: registered qpnp_rtc as rtc0
[    1.728467] i2c /dev entries driver
[    1.728642] IR NEC protocol handler initialized
[    1.728657] IR RC5(x/sz) protocol handler initialized
[    1.728668] IR RC6 protocol handler initialized
[    1.728680] IR JVC protocol handler initialized
[    1.728690] IR Sony protocol handler initialized
[    1.728701] IR SANYO protocol handler initialized
[    1.728712] IR Sharp protocol handler initialized
[    1.728723] IR MCE Keyboard/mouse protocol handler initialized
[    1.728734] IR XMP protocol handler initialized
[    1.730010] sde_mdp_parse_dt_prop_len: <SDEROT_INFO> prop qcom,mdss-inline-rot-qos-lut : doesn't exist in device tree
[    1.730071] sde_mdp_parse_dt_prop_len: <SDEROT_INFO> prop qcom,mdss-inline-rot-danger-lut : doesn't exist in device tree
[    1.730086] sde_mdp_parse_dt_prop_len: <SDEROT_INFO> prop qcom,mdss-inline-rot-safe-lut : doesn't exist in device tree
[    1.730157] register_client_adhoc:find path.src 1 dest 590
[    1.730706] register_client_adhoc:Client handle 25 sde_reg
[    1.731848] register_client_adhoc:find path.src 25 dest 512
[    1.731991] [slg51000] probe start
[    1.732003] [slg51000] try to enable cam buck pin
[    1.732402] register_client_adhoc:Client handle 26 mdss_rotator
[    1.732446] register_client_adhoc:find path.src 1 dest 590
[    1.732977] register_client_adhoc:Client handle 27 mdss_rot_reg
[    1.733385] No change in context(0==0), skip
[    1.734819] sde_rotator_evtlog_create_debugfs: evtlog_status: enable:0, panic:1, dump:2
[    1.736262] sde_rotator ae00000.qcom,mdss_rotator: <SDEROT_INFO> SDE v4l2 rotator probe success
[    1.737921] iommu: Adding device ae00000.qcom,mdss_rotator:qcom,smmu_rot_unsec_cb to group 17
[    1.738011] sde_smmu_probe: <SDEROT_INFO> iommu v2 domain[0] mapping and clk register successful!
[    1.738127] [slg51000] try to enable cs pin
[    1.738171] iommu: Adding device ae00000.qcom,mdss_rotator:qcom,smmu_rot_sec_cb to group 18
[    1.738258] sde_smmu_probe: <SDEROT_INFO> iommu v2 domain[1] mapping and clk register successful!
[    1.738877] iommu: Adding device 9800000.qcom,msm_npu to group 19
[    1.740510] msm_npu 9800000.qcom,msm_npu: Unable to startup the chan (-11)
[    1.740533] msm_npu: aop mailbox is not available
[    1.741590] i2c_geni a8c000.i2c: i2c error :-107
[    1.741603] slg51000_regmap_bulk_read: i2c read error=-107, retry count: 1
[    1.743115] msm_vidc:  err: Failed to get platform resources
[    1.743137] msm_vidc:  err: Failed to init core
[    1.743167] msm_vidc_v4l2: probe of aa00000.qcom,vidc0 failed with error -22
[    1.746054] iommu: Adding device aa00000.qcom,vidc1:non_secure_cb to group 20
[    1.747164] iommu: Adding device aa00000.qcom,vidc1:secure_non_pixel_cb to group 21
[    1.749556] iommu: Adding device aa00000.qcom,vidc1:secure_bitstream_cb to group 22
[    1.750789] ldo3: supplied by regulator-dummy
[    1.751850] iommu: Adding device aa00000.qcom,vidc1:secure_pixel_cb to group 23
[    1.751863] ldo4: supplied by regulator-dummy
[    1.753133] ldo5: supplied by regulator-dummy
[    1.753713] platform aa00000.qcom,vidc1:qcom,msm-vidc,mem_cdsp: assigned reserved memory node cdsp_region
[    1.754379] ldo6: supplied by regulator-dummy
[    1.755469] ldo7: supplied by regulator-dummy
[    1.756360] slg51000-regulator 2-0075: No IRQ configured
[    1.756630] [slg51000] probe end
[    1.756898] drv2624 2-005a: drv2624_i2c_probe enter
[    1.757003] drv2624 2-005a: Looking up ti,irq-gpio property in node /soc/i2c@0xa8c000/drv2624@5a failed -2
[    1.758311] iommu: Adding device soc:qcom,cam_smmu:msm_cam_smmu_ife to group 24
[    1.758845] iommu: Adding device soc:qcom,cam_smmu:msm_cam_smmu_jpeg to group 25
[    1.759025] platform soc:qcom,cam_smmu:msm_cam_icp_fw: assigned reserved memory node camera_region@8ab00000
[    1.759804] iommu: Adding device soc:qcom,cam_smmu:msm_cam_smmu_icp to group 26
[    1.760573] iommu: Adding device soc:qcom,cam_smmu:msm_cam_smmu_cpas_cdm to group 27
[    1.761079] drv2624 2-005a: drv2624_i2c_probe, ID status (0x3)
[    1.761422] iommu: Adding device soc:qcom,cam_smmu:msm_cam_smmu_fd to group 28
[    1.761937] iommu: Adding device soc:qcom,cam_smmu:msm_cam_smmu_lrme to group 29
[    1.761953] drv2624 2-005a: dev_init_platform_data, LRA = 172, drive_time=0x18
[    1.763353] drv2624 2-005a: drv2624 probe succeeded
[    1.764130] at24 2-0050: 1024 byte m24c08 EEPROM, writable, 1 bytes/write
[    1.764235] register_client_adhoc:find path.src 1 dest 589
[    1.764799] register_client_adhoc:Client handle 28 cam_ahb
[    1.765083] register_client_adhoc:find path.src 136 dest 512
[    1.765626] register_client_adhoc:Client handle 29 cam_hf_0_mnoc
[    1.765833] register_client_adhoc:find path.src 146 dest 778
[    1.765965] register_client_adhoc:Client handle 30 cam_hf_0_camnoc
[    1.766126] register_client_adhoc:find path.src 172 dest 512
[    1.766648] register_client_adhoc:Client handle 31 cam_hf_1_mnoc
[    1.766841] register_client_adhoc:find path.src 178 dest 778
[    1.766961] register_client_adhoc:Client handle 32 cam_hf_1_camnoc
[    1.767115] register_client_adhoc:find path.src 137 dest 512
[    1.767669] register_client_adhoc:Client handle 33 cam_sf_0_mnoc
[    1.767845] register_client_adhoc:find path.src 148 dest 778
[    1.767975] register_client_adhoc:Client handle 34 cam_sf_0_camnoc
[    1.768126] register_client_adhoc:find path.src 171 dest 512
[    1.768658] register_client_adhoc:Client handle 35 cam_sf_1_mnoc
[    1.768838] register_client_adhoc:find path.src 179 dest 778
[    1.768962] register_client_adhoc:Client handle 36 cam_sf_1_camnoc
[    1.775874] CAM_INFO: CAM-CPAS: cam_cpas_hw_start: 1017 AXI client=[18][cpas-cdm][0] comp[1024], comp_ab[1024], uncomp[1024]
[    1.781973] CAM_INFO: CAM-CPAS: cam_cpas_hw_start: 1017 AXI client=[9][iferdi][0] comp[10640000000], comp_ab[10640000000], uncomp[10640000000]
[    1.782921] CAM_INFO: CAM-CPAS: cam_cpas_hw_start: 1017 AXI client=[10][ifenrdi][0] comp[10640000000], comp_ab[10640000000], uncomp[10640000000]
[    1.785039] CAM_INFO: CAM-CPAS: cam_cpas_hw_start: 1017 AXI client=[11][iferdi][1] comp[10640000000], comp_ab[10640000000], uncomp[10640000000]
[    1.785933] CAM_INFO: CAM-CPAS: cam_cpas_hw_start: 1017 AXI client=[12][ifenrdi][1] comp[10640000000], comp_ab[10640000000], uncomp[10640000000]
[    1.787502] CAM_ERR: CAM-UTIL: cam_soc_util_get_option_clk_by_name: 524 No clk named ife_dsp_clk found. Dev vfe2
[    1.787523] CAM_WARN: CAM-ISP: cam_vfe_init_soc_resources: 109 Option clk get failed with rc -14
[    1.787903] CAM_WARN: CAM-ISP: cam_vfe_top_ver2_init: 1019 Invalid mux type: 0
[    1.787917] CAM_WARN: CAM-ISP: cam_vfe_top_ver2_init: 1019 Invalid mux type: 0
[    1.788156] CAM_INFO: CAM-CPAS: cam_cpas_hw_start: 1017 AXI client=[13][iferdi][2] comp[10640000000], comp_ab[10640000000], uncomp[10640000000]
[    1.789048] CAM_INFO: CAM-CPAS: cam_cpas_hw_start: 1017 AXI client=[14][ifenrdi][2] comp[10640000000], comp_ab[10640000000], uncomp[10640000000]
[    1.792612] CAM_INFO: CAM-ISP: cam_isp_dev_probe: 198 Camera ISP probe complete
[    1.795400] CAM_INFO: CAM: cam_res_mgr_probe: 689 Disable shared gpio support.
[    1.797840] CAM_INFO: CAM-CCI: cam_cci_platform_probe: 428 Device Type :0
[    1.801051] CAM_INFO: CAM-ACTUATOR: cam_actuator_parse_dt: 69 No GPIO found
[    1.801079] CAM_INFO: CAM-SENSOR: cam_actuator_driver_platform_probe: 424 [LTC] pdev->name=ac4a000.qcom,cci:qcom,actuator@0
[    1.805165] CAM_INFO: CAM-OIS: cam_ois_get_dt_data: 52 No GPIO found
[    1.816121] ufshcd-qcom 1d84000.ufshc: ufshcd_print_pwr_info:[RX, TX]: gear=[3, 3], lane[1, 1], pwr[FAST MODE, FAST MODE], rate = 2
[    1.816617] CAM_INFO: CAM-JPEG: cam_jpeg_dev_probe: 170 Camera JPEG probe complete
[    1.818142] ufshcd_get_max_icc_level: Couldn't find valid icc_level = 0
[    1.818145] ufshcd_get_max_icc_level: Couldn't find valid icc_level = 0
[    1.818274] CAM_INFO: CAM-CPAS: cam_cpas_hw_start: 1017 AXI client=[23][fd][0] comp[7200000], comp_ab[7200000], uncomp[7200000]
[    1.823728] CAM_INFO: CAM-CPAS: cam_cpas_hw_start: 1017 AXI client=[24][lrmecpas][0] comp[7200000], comp_ab[7200000], uncomp[7200000]
[    1.824038] scsi 0:0:0:49488: Well-known LUN    MICRON   MT128GASAO4U21   0302 PQ: 0 ANSI: 6
[    1.824476] CAM_INFO: CAM-CPAS: cam_cpas_hw_start: 1017 AXI client=[17][cam-cdm-intf][0] comp[1024], comp_ab[1024], uncomp[1024]
[    1.826958] dvbdev: DVB: registering new adapter (Qualcomm Technologies, Inc. DVB adapter)
[    1.827586] scsi 0:0:0:49456: Well-known LUN    MICRON   MT128GASAO4U21   0302 PQ: 0 ANSI: 6
[    1.828589] scsi 0:0:0:49476: Well-known LUN    MICRON   MT128GASAO4U21   0302 PQ: 0 ANSI: 6
[    1.829570] scsi 0:0:0:0: Direct-Access     MICRON   MT128GASAO4U21   0302 PQ: 0 ANSI: 6
[    1.830344] scsi 0:0:0:1: Direct-Access     MICRON   MT128GASAO4U21   0302 PQ: 0 ANSI: 6
[    1.831034] scsi 0:0:0:2: Direct-Access     MICRON   MT128GASAO4U21   0302 PQ: 0 ANSI: 6
[    1.831721] scsi 0:0:0:3: Direct-Access     MICRON   MT128GASAO4U21   0302 PQ: 0 ANSI: 6
[    1.832410] scsi 0:0:0:4: Direct-Access     MICRON   MT128GASAO4U21   0302 PQ: 0 ANSI: 6
[    1.833089] scsi 0:0:0:5: Direct-Access     MICRON   MT128GASAO4U21   0302 PQ: 0 ANSI: 6
[    1.833769] sd 0:0:0:0: [sda] physical block alignment offset: 131072
[    1.834176] sd 0:0:0:1: [sdb] physical block alignment offset: 131072
[    1.834210] sd 0:0:0:0: [sda] 67108864-byte physical blocks
[    1.834384] sd 0:0:0:0: [sda] Write Protect is off
[    1.834393] sd 0:0:0:0: [sda] Mode Sense: 00 32 00 10
[    1.834590] sd 0:0:0:0: [sda] Optimal transfer size 131072 bytes not a multiple of physical block size (67108864 bytes)
[    1.834677] sd 0:0:0:1: [sdb] Write Protect is off
[    1.834687] sd 0:0:0:1: [sdb] Mode Sense: 00 32 00 10
[    1.834917] sd 0:0:0:1: [sdb] Optimal transfer size 131072 bytes
[    1.836011] sd 0:0:0:2: [sdc] Write Protect is off
[    1.836022] sd 0:0:0:2: [sdc] Mode Sense: 00 32 00 10
[    1.836276] sd 0:0:0:2: [sdc] Optimal transfer size 131072 bytes
[    1.836749]  sda: sda1 sda2 sda3 sda4 sda5 sda6 sda7 sda8 sda9 sda10 sda11 sda12 sda13 sda14 sda15
[    1.836827]  sdb: sdb1 sdb2
[    1.836965] sd 0:0:0:3: [sdd] Write Protect is off
[    1.836976] sd 0:0:0:3: [sdd] Mode Sense: 00 32 00 10
[    1.837142] sd 0:0:0:3: [sdd] Optimal transfer size 131072 bytes
[    1.837669] sd 0:0:0:4: [sde] physical block alignment offset: 131072
[    1.838105]  sdc: sdc1 sdc2
[    1.838231] sd 0:0:0:4: [sde] Write Protect is off
[    1.838241] sd 0:0:0:4: [sde] Mode Sense: 00 32 00 10
[    1.838504] sd 0:0:0:4: [sde] Optimal transfer size 131072 bytes
[    1.839407]  sdd: sdd1 sdd2 sdd3 sdd4
[    1.840032] sd 0:0:0:5: [sdf] Write Protect is off
[    1.840042] sd 0:0:0:5: [sdf] Mode Sense: 00 32 00 10
[    1.840172] usbcore: registered new interface driver uvcvideo
[    1.840189] USB Video Class driver (1.1.1)
[    1.840201] gspca_main: v2.14.0 registered
[    1.840311] sd 0:0:0:5: [sdf] Optimal transfer size 131072 bytes
[    1.840626]  sde: sde1 sde2 sde3 sde4 sde5 sde6 sde7 sde8 sde9 sde10 sde11 sde12 sde13 sde14 sde15 sde16 sde17 sde18 sde19 sde20 sde21 sde22 sde23 sde24 sde25 sde26 sde27 sde28 sde29 sde30 sde31 sde32 sde33 sde34 sde35 sde36 sde37 sde38 sde39
[    1.841701] QG-K: qpnp_qg_probe: Failed to get battery type, rc=-517
[    1.842062]  sdf: sdf1 sdf2 sdf3 sdf4 sdf5
[    1.842505] Couldn't parse device tree rc=-517
[    1.843013] gbms_storage: initialize gbms_storage
[    1.843759] gbms_storage: ref registered batt_eeprom at 0, dupes=0, refs=0
[    1.843771] gbms_storage: init done
[    1.844460] google_charger: google,wlc-power-supply not defined
[    1.844494] google_charger: renegotiate on full
[    1.844514] google_charger: charging profile in the battery
[    1.844658] google_charger: MSC_BD: trig volt=4270000,4250000 temp=320,time=21600 drainto=80,79 resume=280,50 290,14400
[    1.845019] logbuffer:  id:pps registered
[    1.846161] (NULL device *): hwmon_device_register() is deprecated. Please convert the driver to use hwmon_device_register_with_info().
[    1.846420] logbuffer:  id:ssoc registered
[    1.846659] google_battery: battery tz register failed. err:-19
[    1.859344] bcl_pmic5:bcl_parse_devicetree_virtual_data No BCL Virtual sensor defined
[    1.859392] bcl_pmic5: probe of c440000.qcom,spmi:qcom,pm6150@0:bcl@1d00 failed with error -22
[    1.859939] bcl_pmic5:bcl_parse_devicetree_virtual_data No BCL Virtual sensor defined
[    1.859962] bcl_pmic5: probe of c440000.qcom,spmi:qcom,pm6150l@4:bcl@3d00 failed with error -22
[    1.860060] gbms_storage: storage registered batt_eeprom at 0, dupes=0, refs=0
[    1.860078] at24 2-0050: gbms_storage_register done:0
[    1.860960] bcl_soc:bcl_soc_probe soc TZ register failed. err:-19
[    1.863469] softdog: initialized. soft_noboot=0 soft_margin=60 sec soft_panic=0 (nowayout=0)
[    1.863658] device-mapper: uevent: version 1.0.3
[    1.863832] device-mapper: ioctl: 4.37.0-ioctl (2017-09-20) initialised: dm-devel@redhat.com
[    1.864488] bt_dt_parse_vreg_info: qca,bt-vdd-vl: is not provided in device tree
[    1.864506] bt_dt_parse_vreg_info: qca,bt-vdd-vm: is not provided in device tree
[    1.864520] bt_dt_parse_vreg_info: qca,bt-vdd-5c: is not provided in device tree
[    1.864534] bt_dt_parse_vreg_info: qca,bt-vdd-5a: is not provided in device tree
[    1.864548] bt_dt_parse_vreg_info: qca,bt-vdd-vh: is not provided in device tree
[    1.864594] bt_dt_parse_vreg_info: qca,bt-vdd-ldo: is not provided in device tree
[    1.864609] bt_dt_parse_vreg_info: qca,bt-chip-pwd: is not provided in device tree
[    1.864624] bt_power_populate_dt_pinfo: bt-reset-gpio not provided in device tree
[    1.864637] bt_dt_parse_clk_info: clocks is not provided in device tree
[    1.864649] bt_power_populate_dt_pinfo: clock not provided in device tree
[    1.866292] EDAC DEVICE0: Giving out device to module soc:kryo-erp controller cache: DEV soc:kryo-erp (INTERRUPT)
[    1.867456] qcom_llcc_erp 9200000.qcom,llcc:qcom,llcc-erp: No ECC IRQ; defaulting to polling mode
[    1.867508] EDAC DEVICE1: Giving out device to module 9200000.qcom,llcc:qcom,llcc-erp controller llcc: DEV 9200000.qcom,llcc:qcom,llcc-erp (POLLED)
[    1.869324] usbcore: registered new interface driver usbhid
[    1.869339] usbhid: USB HID core driver
[    1.869530] ashmem: initialized
[    1.869544] wlan: Loading driver v5.2.03.9H ( +PANIC_ON_BUG)
[    1.870458] qdf_print_ctrl_register: Allocated print control object 0
[    1.870560] [swappe][608489263][00:00:01.870541] wlan: [1:I:tdls] ucfg_tdls_init: 40: tdls module dispatcher init
[    1.870583] [swappe][608489718][00:00:01.870565] wlan: [1:I:tdls] ucfg_tdls_init: 72: tdls module dispatcher init done
[    1.870621] [swappe][608490447][00:00:01.870603] wlan: [1:I:POLICY_MGR] policy_mgr_init: 214: Callbacks registered with obj mgr
[    1.870858] [swappe][608495001][00:00:01.870840] wlan: [1:I:IPA] ipa_init: 125: ipa module dispatcher init
[    1.870876] ipa ipa3_uc_reg_rdyCB:3107 bad parm. inout=0000000000000000 
[    1.871016] wlan_hdd_state wlan major(496) initialized
[    1.871078] wlan: driver loaded
[    1.871187] ipa_ut ipa_ut_module_init:1043 Loading IPA test module...
[    1.872780] bimc-bwmon 90b6300.qcom,cpu-cpu-llcc-bwmon: BW HWmon governor registered.
[    1.872899] bimc-bwmon 90cd000.qcom,cpu-llcc-ddr-bwmon: BW HWmon governor registered.
[    1.873053] bimc-bwmon 9960300.qcom,npu-npu-ddr-bwmon: BW HWmon governor registered.
[    1.874224] arm-memlat-mon soc:qcom,cpu0-cpu-l3-latmon: Memory Latency governor registered.
[    1.874303] arm-memlat-mon soc:qcom,cpu6-cpu-l3-latmon: Memory Latency governor registered.
[    1.874389] arm-memlat-mon soc:qcom,cpu0-cpu-llcc-latmon: Memory Latency governor registered.
[    1.874460] arm-memlat-mon soc:qcom,cpu6-cpu-llcc-latmon: Memory Latency governor registered.
[    1.874536] arm-memlat-mon soc:qcom,cpu0-llcc-ddr-latmon: Memory Latency governor registered.
[    1.874600] arm-memlat-mon soc:qcom,cpu6-llcc-ddr-latmon: Memory Latency governor registered.
[    1.874682] arm-memlat-mon soc:qcom,cpu0-computemon: Compute governor registered.
[    1.874754] arm-memlat-mon soc:qcom,cpu6-computemon: Compute governor registered.
[    1.877378] register_client_adhoc:find path.src 1 dest 770
[    1.877552] register_client_adhoc:Client handle 37 soc:qcom,cpu-cpu-llcc-bw
[    1.878510] register_client_adhoc:find path.src 129 dest 512
[    1.878678] register_client_adhoc:Client handle 38 soc:qcom,cpu-llcc-ddr-bw
[    1.879567] register_client_adhoc:find path.src 1 dest 770
[    1.879741] register_client_adhoc:Client handle 39 soc:qcom,cpu0-cpu-llcc-lat
[    1.880287] register_client_adhoc:find path.src 1 dest 770
[    1.880459] register_client_adhoc:Client handle 40 soc:qcom,cpu6-cpu-llcc-lat
[    1.881119] register_client_adhoc:find path.src 129 dest 512
[    1.881291] register_client_adhoc:Client handle 41 soc:qcom,cpu0-llcc-ddr-lat
[    1.881978] register_client_adhoc:find path.src 129 dest 512
[    1.882141] register_client_adhoc:Client handle 42 soc:qcom,cpu6-llcc-ddr-lat
[    1.882825] register_client_adhoc:find path.src 129 dest 512
[    1.882991] register_client_adhoc:Client handle 43 soc:qcom,cpu0-cpu-ddr-latfloor
[    1.883662] register_client_adhoc:find path.src 129 dest 512
[    1.883844] register_client_adhoc:Client handle 44 soc:qcom,cpu6-cpu-ddr-latfloor
[    1.884544] register_client_adhoc:find path.src 154 dest 512
[    1.885053] register_client_adhoc:Client handle 45 soc:qcom,npu-npu-ddr-bw
[    1.885471] register_client_adhoc:find path.src 1 dest 627
[    1.885956] register_client_adhoc:Client handle 46 soc:qcom,snoc_cnoc_keepalive
[    1.886999] register_client_adhoc:find path.src 26 dest 512
[    1.887334] register_client_adhoc:Client handle 47 soc:qcom,gpubw
[    1.920248] i2c_geni a8c000.i2c: i2c error :-107
[    1.920281] pac193x: failed reading data from register 0xFD
[    1.920293] pac193x: cannot read revision
[    1.920329] pac193x: probe of 2-0010 failed with error -22
[    1.921868] qcom-llcc-pmu 90cc000.llcc-pmu: Registered llcc_pmu, type: 8
[    1.922443] iommu: Adding device 6048000.tmc to group 30
[    1.923594] coresight-tmc: probe of 6048000.tmc failed with error -13
[    1.931337] coresight-etm4x 7040000.etm: CPU0: ETM v4.2 initialized
[    1.931361] coresight-etm4x 7040000.etm: CPU0: (null) initialized
[    1.931898] coresight-etm4x 7140000.etm: CPU1: ETM v4.2 initialized
[    1.931916] coresight-etm4x 7140000.etm: CPU1: (null) initialized
[    1.932456] coresight-etm4x 7240000.etm: CPU2: ETM v4.2 initialized
[    1.932474] coresight-etm4x 7240000.etm: CPU2: (null) initialized
[    1.933007] coresight-etm4x 7340000.etm: CPU3: ETM v4.2 initialized
[    1.933024] coresight-etm4x 7340000.etm: CPU3: (null) initialized
[    1.933542] coresight-etm4x 7440000.etm: CPU4: ETM v4.2 initialized
[    1.933559] coresight-etm4x 7440000.etm: CPU4: (null) initialized
[    1.934060] coresight-etm4x 7540000.etm: CPU5: ETM v4.2 initialized
[    1.934076] coresight-etm4x 7540000.etm: CPU5: (null) initialized
[    1.934577] coresight-etm4x 7640000.etm: CPU6: ETM v4.2 initialized
[    1.934594] coresight-etm4x 7640000.etm: CPU6: (null) initialized
[    1.935099] coresight-etm4x 7740000.etm: CPU7: ETM v4.2 initialized
[    1.935117] coresight-etm4x 7740000.etm: CPU7: (null) initialized
[    1.937096] OF: graph: no port node found in /soc/csr@6001000
[    1.937188] coresight-csr 6001000.csr: CSR initialized
[    1.937252] OF: graph: no port node found in /soc/csr@6b0e000
[    1.937329] coresight-csr 6b0e000.csr: CSR initialized
[    1.939567] usbcore: registered new interface driver snd-usb-audio
[    1.940094] iommu: Adding device soc:usb_audio_qmi_dev to group 31
[    1.951340] rt5514 0-0057: Register rt5514 success
[    1.951856] rt5514 spi0.0: handshake gpio 57 property /soc/spi@0x880000/mnh-spi@0
[    1.952285] rt5514 spi0.0:  rt5514-spi register component success.
[    1.952788] cs35l41 2-0040: 2-0040 supply VA not found, using dummy regulator
[    1.952836] cs35l41 2-0040: 2-0040 supply VP not found, using dummy regulator
[    1.964983] msm-cdc-pinctrl soc:cdc_dmic01_pinctrl: could not find pctldev for node /soc/lpi_pinctrl@62b40000/dmic01_clk_active, deferring probe
[    1.965029] msm-cdc-pinctrl soc:cdc_dmic23_pinctrl: could not find pctldev for node /soc/lpi_pinctrl@62b40000/dmic23_clk_active, deferring probe
[    1.965060] msm-cdc-pinctrl soc:rx_swr_clk_data_pinctrl: could not find pctldev for node /soc/lpi_pinctrl@62b40000/rx_swr_clk_active, deferring probe
[    1.965090] msm-cdc-pinctrl soc:tx_swr_clk_data_pinctrl: could not find pctldev for node /soc/lpi_pinctrl@62b40000/tx_swr_clk_active, deferring probe
[    1.965119] msm-cdc-pinctrl soc:msm_cdc_pinctrl@24: could not find pctldev for node /soc/lpi_pinctrl@62b40000/lpi_wcd937x_reset_active, deferring probe
[    1.971494] msm-dai-q6-hdmi soc:qcom,msm-dai-q6-hdmi_ms: invalid device ID 24578
[    1.972520] msm-auxpcm-dev soc:qcom,msm-sen-auxpcm: msm_auxpcm_dev_probe: invalid DT intf name senary
[    2.000959] msm-dai-tdm soc:qcom,msm-dai-tdm-sen-rx: msm_dai_tdm_q6_probe: group id not supported 0x9150
[    2.000993] msm-dai-tdm: probe of soc:qcom,msm-dai-tdm-sen-rx failed with error -22
[    2.001036] msm-dai-tdm soc:qcom,msm-dai-tdm-sen-tx: msm_dai_tdm_q6_probe: group id not supported 0x9151
[    2.001055] msm-dai-tdm: probe of soc:qcom,msm-dai-tdm-sen-tx failed with error -22
[    2.021233] cs35l41 2-0040: Cirrus Logic CS35L41 (35a40), Revision: B2
[    2.021889] cs35l41 2-0041: 2-0041 supply VA not found, using dummy regulator
[    2.021937] cs35l41 2-0041: 2-0041 supply VP not found, using dummy regulator
[    2.023616] GACT probability NOT on
[    2.023646] Mirror/redirect action on
[    2.023667] u32 classifier
[    2.023678]     Actions configured
[    2.023702] Netfilter messages via NETLINK v0.30.
[    2.024497] nf_conntrack version 0.5.0 (65536 buckets, 262144 max)
[    2.024639] ctnetlink v0.93: registering with nfnetlink.
[    2.025225] xt_time: kernel timezone is -0000
[    2.025451] gre: GRE over IPv4 demultiplexor driver
[    2.025463] IPv4 over IPsec tunneling driver
[    2.026064] ip_tables: (C) 2000-2006 Netfilter Core Team
[    2.026969] arp_tables: arp_tables: (C) 2002 David S. Miller
[    2.027139] Initializing XFRM netlink socket
[    2.027173] IPsec XFRM device driver
[    2.027615] NET: Registered protocol family 10
[    2.028966] Segment Routing with IPv6
[    2.029079] mip6: Mobile IPv6
[    2.029107] ip6_tables: (C) 2000-2006 Netfilter Core Team
[    2.030274] sit: IPv6, IPv4 and MPLS over IPv4 tunneling driver
[    2.031213] NET: Registered protocol family 17
[    2.031244] NET: Registered protocol family 15
[    2.031305] Bridge firewalling registered
[    2.031319] Ebtables v2.0 registered
[    2.031518] l2tp_core: L2TP core driver, V2.0
[    2.031537] l2tp_ppp: PPPoL2TP kernel driver, V2.0
[    2.031549] l2tp_ip: L2TP IP encapsulation support (L2TPv3)
[    2.031575] l2tp_netlink: L2TP netlink interface
[    2.031621] l2tp_eth: L2TP ethernet pseudowire support (L2TPv3)
[    2.031633] l2tp_ip6: L2TP IP encapsulation support for IPv6 (L2TPv3)
[    2.031777] sctp: Hash tables configured (bind 256/256)
[    2.032112] Key type dns_resolver registered
[    2.034500] msm-usb-ssphy-qmp 88e8000.ssphy: failed to get phandle for msm_ssphy_qmp
[    2.038366] dwc3 a600000.dwc3: changing max_speed on rev 00000000
[    2.045958] msm-dwc3 a600000.ssusb: unable to get ssphy device
[    2.046576] sps:BAM 0x000000000a704000 is registered.
[    2.050833] logbuffer:  id:usbpd registered
[    2.051052]  usbpd0: Can't find vbus-supply
[    2.051292] logbuffer:  id:usbpd unregistered
[    2.051315] qpnp-pdphy c440000.qcom,spmi:qcom,pm6150@0:qcom,usb-pdphy@1700: usbpd_create failed: -517
[    2.052723] QG-K: qg_get_batt_type: eeprom ID=8230020501, len=10, defer_cnt=1
[    2.066862] of_batterydata_get_best_profile: 8230020501 found
[    2.067318] QG-K: qg_batterydata_init: QG Battery-profile loaded
[    2.069699] QG-K: qg_determine_pon_soc: using SHUTDOWN_SOC @ PON ocv_uv=4396100uV soc=100
[    2.070256] (NULL device *): hwmon_device_register() is deprecated. Please convert the driver to use hwmon_device_register_with_info().
[    2.071560] gbms_storage: storage registered qg at 1, dupes=0, refs=0
[    2.071582] QG-K: qpnp_qg_probe: QG initialized! battery_profile=8230020501 SOC=100 QG_subtype=4 charger_mode=0
[    2.072455] logbuffer:  id:smblib registered
[    2.075019] (NULL device *): hwmon_device_register() is deprecated. Please convert the driver to use hwmon_device_register_with_info().
[    2.075754] (NULL device *): hwmon_device_register() is deprecated. Please convert the driver to use hwmon_device_register_with_info().
[    2.076073] qcom,qpnp-smb5 c440000.qcom,spmi:qcom,pm6150@0:qcom,qpnp-smb5: typec_attach_detach_irq_handler lpd_stage=0 lpd_reason=0
[    2.077241] power_supply main: driver failed to report `flash_trigger' property: -1
[    2.077370] Couldn't get temp USB port thermal zone rc=-22
[    2.077750] batt power supply prop 4 not supported
[    2.079175] QCOM-STEPCHG: handle_battery_insertion: Get battery present status failed, rc=-11
[    2.079936] battery type=8230020501
[    2.079959] of_batterydata_get_best_profile: 8230020501 found
[    2.080971] QCOM-BATT: pl_disable_vote_callback: Couldn't read FCC step update status, rc=-11
[    2.081006] QCOM-BATT: pl_fv_vote_callback: Couldn't get battery status rc=-11
[    2.081039] QCOM-BATT: handle_main_charge_type: Couldn't get batt charge type rc=-11
[    2.081068] QCOM-BATT: handle_settled_icl_change: Couldn't get aicl settled value rc=-11
[    2.082563] batt power supply prop 4 not supported
[    2.086483] SMB5 status - usb:present=0 type=0 batt:present = 1 health = 1 charge = 1
[    2.086597] QPNP SMB5 probed successfully
[    2.088631] sm7150_bms: batt_id = 10947
[    2.088658] sm7150_bms: node qpnp,qg PMIC subtype 40 Digital major 2
[    2.088684] sm7150_bms: QG_TYPE 13
[    2.088707] sm7150_bms: QG_TYPE 13
[    2.089047] (NULL device *): hwmon_device_register() is deprecated. Please convert the driver to use hwmon_device_register_with_info().
[    2.090086] sm7150_bms: CHGR_ENG_CHARGING_CFG_REG = 0x04
[    2.090525] google_battery: Profile constant charge limits:
[    2.090544] google_battery: |T \ V  4200  4300  4420  4430  4440  4450
[    2.090603] google_battery: | 0:10   920   310     0     0     0     0
[    2.090673] google_battery: |10:20  1540   920   920   920   740   520
[    2.090690] google_battery: |20:42  3080  2160  1540  1080   740   520
[    2.090706] google_battery: |42:46  2460  1540  1540  1080   740   520
[    2.090721] google_battery: |46:48  1540  1540     0     0     0     0
[    2.090761] google_battery: |48:55   920     0     0     0     0     0
[    2.090776] sm7150_bms: BMS driver probed successfully
[    2.091023] google_charger: failed to get "tcpm-source-psy-usbpd0" power supply, retrying...
[    2.092066] logbuffer:  id:ttf registered
[    2.092085] google_battery: RES: req:0, sample:0[0], filt_cnt:0, res_avg:0
[    2.094894] google_battery: init_work done
[    2.098170] cs35l41 2-0041: Cirrus Logic CS35L41 (35a40), Revision: B2
[    2.099021] sm7150_bms: BATTERY_CHARGER_STATUS_2 = 0x08
[    2.099046] sm7150_bms: BATTERY_CHARGER_STATUS_7 = 0x00
[    2.100626] power_supply main: driver failed to report `flash_trigger' property: -1
[    2.100652] batt power supply prop 4 not supported
[    2.102526] google,overheat_mitigation soc:google,overheat_mitigation: Update USB port temp:257
[    2.108972] msm-cdc-pinctrl soc:cdc_dmic01_pinctrl: could not find pctldev for node /soc/lpi_pinctrl@62b40000/dmic01_clk_active, deferring probe
[    2.109371] msm-cdc-pinctrl soc:cdc_dmic23_pinctrl: could not find pctldev for node /soc/lpi_pinctrl@62b40000/dmic23_clk_active, deferring probe
[    2.109738] msm-cdc-pinctrl soc:rx_swr_clk_data_pinctrl: could not find pctldev for node /soc/lpi_pinctrl@62b40000/rx_swr_clk_active, deferring probe
[    2.110231] msm-cdc-pinctrl soc:tx_swr_clk_data_pinctrl: could not find pctldev for node /soc/lpi_pinctrl@62b40000/tx_swr_clk_active, deferring probe
[    2.110642] msm-cdc-pinctrl soc:msm_cdc_pinctrl@24: could not find pctldev for node /soc/lpi_pinctrl@62b40000/lpi_wcd937x_reset_active, deferring probe
[    2.112121] msm-usb-ssphy-qmp 88e8000.ssphy: failed to get phandle for msm_ssphy_qmp
[    2.113013] sm7150_bms: BATTERY_CHARGER_STATUS_2 = 0x08
[    2.113039] sm7150_bms: BATTERY_CHARGER_STATUS_7 = 0x00
[    2.113151] sm7150_bms: MSC_PCS chg_state=112b01030001 [0x1:1:3:4395:0] chg= 
[    2.113275] sm7150_bms: CHGR_ENG_CHARGING_CFG_REG = 0x04
[    2.116743] dwc3 a600000.dwc3: changing max_speed on rev 00000000
[    2.124444] msm-dwc3 a600000.ssusb: unable to get ssphy device
[    2.125048] sps:BAM 0x000000000a704000 is registered.
[    2.129325] logbuffer:  id:usbpd registered
[    2.131424] msm-cdc-pinctrl soc:cdc_dmic01_pinctrl: could not find pctldev for node /soc/lpi_pinctrl@62b40000/dmic01_clk_active, deferring probe
[    2.131822] msm-cdc-pinctrl soc:cdc_dmic23_pinctrl: could not find pctldev for node /soc/lpi_pinctrl@62b40000/dmic23_clk_active, deferring probe
[    2.132185] msm-cdc-pinctrl soc:rx_swr_clk_data_pinctrl: could not find pctldev for node /soc/lpi_pinctrl@62b40000/rx_swr_clk_active, deferring probe
[    2.132571] msm-cdc-pinctrl soc:tx_swr_clk_data_pinctrl: could not find pctldev for node /soc/lpi_pinctrl@62b40000/tx_swr_clk_active, deferring probe
[    2.132970] msm-cdc-pinctrl soc:msm_cdc_pinctrl@24: could not find pctldev for node /soc/lpi_pinctrl@62b40000/lpi_wcd937x_reset_active, deferring probe
[    2.134390] msm-usb-ssphy-qmp 88e8000.ssphy: No separate ID extcon device
[    2.136434] google,overheat_mitigation soc:google,overheat_mitigation: Update USB port temp:257
[    2.139274] dwc3 a600000.dwc3: changing max_speed on rev 00000000
[    2.147112] register_client_adhoc:find path.src 61 dest 512
[    2.147625] sps:BAM 0x000000000a704000 is registered.
[    2.147894] register_client_adhoc:find path.src 61 dest 676
[    2.148408] register_client_adhoc:find path.src 1 dest 583
[    2.148962] register_client_adhoc:Client handle 48 usb0
[    2.149755] msm-cdc-pinctrl soc:cdc_dmic01_pinctrl: could not find pctldev for node /soc/lpi_pinctrl@62b40000/dmic01_clk_active, deferring probe
[    2.150202] msm-cdc-pinctrl soc:cdc_dmic23_pinctrl: could not find pctldev for node /soc/lpi_pinctrl@62b40000/dmic23_clk_active, deferring probe
[    2.150571] msm-cdc-pinctrl soc:rx_swr_clk_data_pinctrl: could not find pctldev for node /soc/lpi_pinctrl@62b40000/rx_swr_clk_active, deferring probe
[    2.150922] msm-cdc-pinctrl soc:tx_swr_clk_data_pinctrl: could not find pctldev for node /soc/lpi_pinctrl@62b40000/tx_swr_clk_active, deferring probe
[    2.151288] msm-cdc-pinctrl soc:msm_cdc_pinctrl@24: could not find pctldev for node /soc/lpi_pinctrl@62b40000/lpi_wcd937x_reset_active, deferring probe
[    2.153073] msm-dwc3 a600000.ssusb: DWC3 exited from low power mode
[    2.153527] registered taskstats version 1
[    2.153534] Loading compiled-in X.509 certificates
[    2.153565] Key type ._fscrypt registered
[    2.153571] Key type .fscrypt registered
[    2.153577] Key type fscrypt-provisioning registered
[    2.153823] msm-dwc3 a600000.ssusb: DWC3 in low power mode
[    2.156074] niap_test_hash: hmac(sha512) passed
[    2.156096] niap_test_hash: sha256 passed
[    2.158505] niap_test_cipher: cbc(aes) encryption passed
[    2.158528] niap_test_cipher: cbc(aes) decryption passed
[    2.160762] Please check if `measure` clk is registered.
[    2.174839] ADSPRPC: Secure VMID = 22
[    2.174842] ADSPRPC: Secure VMID = 37
[    2.175589] iommu: Adding device soc:qcom,msm_fastrpc:qcom,msm_fastrpc_compute_cb1 to group 32
[    2.176436] iommu: Adding device soc:qcom,msm_fastrpc:qcom,msm_fastrpc_compute_cb2 to group 33
[    2.177084] iommu: Adding device soc:qcom,msm_fastrpc:qcom,msm_fastrpc_compute_cb3 to group 34
[    2.177677] iommu: Adding device soc:qcom,msm_fastrpc:qcom,msm_fastrpc_compute_cb4 to group 35
[    2.178262] iommu: Adding device soc:qcom,msm_fastrpc:qcom,msm_fastrpc_compute_cb5 to group 36
[    2.178828] iommu: Adding device soc:qcom,msm_fastrpc:qcom,msm_fastrpc_compute_cb6 to group 37
[    2.179398] iommu: Adding device soc:qcom,msm_fastrpc:qcom,msm_fastrpc_compute_cb9 to group 38
[    2.180852] iommu: Adding device soc:qcom,msm_fastrpc:qcom,msm_fastrpc_compute_cb10 to group 39
[    2.181397] iommu: Adding device soc:qcom,msm_fastrpc:qcom,msm_fastrpc_compute_cb11 to group 40
[    2.181943] iommu: Adding device soc:qcom,msm_fastrpc:qcom,msm_fastrpc_compute_cb12 to group 41
[    2.182505] iommu: Adding device soc:qcom,msm_fastrpc:qcom,msm_fastrpc_compute_cb13 to group 42
[    2.183067] iommu: Adding device soc:qcom,msm_fastrpc:qcom,msm_fastrpc_compute_cb14 to group 43
[    2.183619] iommu: Adding device soc:qcom,msm_fastrpc:qcom,msm_fastrpc_compute_cb15 to group 44
[    2.186204] msm-cdc-pinctrl soc:cdc_dmic01_pinctrl: could not find pctldev for node /soc/lpi_pinctrl@62b40000/dmic01_clk_active, deferring probe
[    2.186419] msm-cdc-pinctrl soc:cdc_dmic23_pinctrl: could not find pctldev for node /soc/lpi_pinctrl@62b40000/dmic23_clk_active, deferring probe
[    2.186622] msm-cdc-pinctrl soc:rx_swr_clk_data_pinctrl: could not find pctldev for node /soc/lpi_pinctrl@62b40000/rx_swr_clk_active, deferring probe
[    2.186823] msm-cdc-pinctrl soc:tx_swr_clk_data_pinctrl: could not find pctldev for node /soc/lpi_pinctrl@62b40000/tx_swr_clk_active, deferring probe
[    2.187029] msm-cdc-pinctrl soc:msm_cdc_pinctrl@24: could not find pctldev for node /soc/lpi_pinctrl@62b40000/lpi_wcd937x_reset_active, deferring probe
[    2.187630] [K] Success to create power_pm_monitor_wq (0x00000000d76d1f69).
[    2.188332] iommu: Adding device 62e40000.slim:qcom,iommu_slim_ctrl_cb to group 45
[    2.188543] msm-cdc-pinctrl soc:cdc_dmic01_pinctrl: could not find pctldev for node /soc/lpi_pinctrl@62b40000/dmic01_clk_active, deferring probe
[    2.188750] msm-cdc-pinctrl soc:cdc_dmic23_pinctrl: could not find pctldev for node /soc/lpi_pinctrl@62b40000/dmic23_clk_active, deferring probe
[    2.188956] msm-cdc-pinctrl soc:rx_swr_clk_data_pinctrl: could not find pctldev for node /soc/lpi_pinctrl@62b40000/rx_swr_clk_active, deferring probe
[    2.189158] msm-cdc-pinctrl soc:tx_swr_clk_data_pinctrl: could not find pctldev for node /soc/lpi_pinctrl@62b40000/tx_swr_clk_active, deferring probe
[    2.189364] msm-cdc-pinctrl soc:msm_cdc_pinctrl@24: could not find pctldev for node /soc/lpi_pinctrl@62b40000/lpi_wcd937x_reset_active, deferring probe
[    2.190775] msm-cdc-pinctrl soc:cdc_dmic01_pinctrl: could not find pctldev for node /soc/lpi_pinctrl@62b40000/dmic01_clk_active, deferring probe
[    2.190991] msm-cdc-pinctrl soc:cdc_dmic23_pinctrl: could not find pctldev for node /soc/lpi_pinctrl@62b40000/dmic23_clk_active, deferring probe
[    2.191197] msm-cdc-pinctrl soc:rx_swr_clk_data_pinctrl: could not find pctldev for node /soc/lpi_pinctrl@62b40000/rx_swr_clk_active, deferring probe
[    2.191399] msm-cdc-pinctrl soc:tx_swr_clk_data_pinctrl: could not find pctldev for node /soc/lpi_pinctrl@62b40000/tx_swr_clk_active, deferring probe
[    2.191605] msm-cdc-pinctrl soc:msm_cdc_pinctrl@24: could not find pctldev for node /soc/lpi_pinctrl@62b40000/lpi_wcd937x_reset_active, deferring probe
[    2.193789] [KEY] gpio_keys_setup_key, error=-524, debounce(15, 15)
[    2.193880] [KEY] keycode = 115, gpio = 0, irq = 98
[    2.193966] input: gpio-keys as /devices/platform/soc/soc:gpio_keys/input/input1
[    2.194271] msm-cdc-pinctrl soc:cdc_dmic01_pinctrl: could not find pctldev for node /soc/lpi_pinctrl@62b40000/dmic01_clk_active, deferring probe
[    2.194481] msm-cdc-pinctrl soc:cdc_dmic23_pinctrl: could not find pctldev for node /soc/lpi_pinctrl@62b40000/dmic23_clk_active, deferring probe
[    2.194685] msm-cdc-pinctrl soc:rx_swr_clk_data_pinctrl: could not find pctldev for node /soc/lpi_pinctrl@62b40000/rx_swr_clk_active, deferring probe
[    2.194888] msm-cdc-pinctrl soc:tx_swr_clk_data_pinctrl: could not find pctldev for node /soc/lpi_pinctrl@62b40000/tx_swr_clk_active, deferring probe
[    2.195094] msm-cdc-pinctrl soc:msm_cdc_pinctrl@24: could not find pctldev for node /soc/lpi_pinctrl@62b40000/lpi_wcd937x_reset_active, deferring probe
[    2.196316] [ FTS ] fts_probe: driver probe begin!
[    2.196323] [ FTS ] driver ver. 5.2.16.14
[    2.196329] [ FTS ] SET Bus Functionality :
[    2.196334] [ FTS ] I2C interface...
[    2.196341] [ FTS ] i2c address: 49
[    2.196346] [ FTS ] SET Device driver INFO:
[    2.196403] fts 1-0049: bus negotiator initialized: 000000000f974b35
[    2.196418] [ FTS ] switch_gpio = 72
[    2.196425] [ FTS ] irq_gpio = 9
[    2.196433] [ FTS ] reset_gpio = 8
[    2.196467] msm-dsi-panel:[dsi_panel_parse_topology:2863] default topology: lm: 1 comp_enc:0 intf: 1
[    2.196527] msm-dsi-panel:[dsi_panel_parse_partial_update_caps:2956] partial update disabled as the property is not set
[    2.196539] [ FTS ] SET Regulators:
[    2.196546] [ FTS ] SET GPIOS:
[    2.206583] [ FTS ] SET Event Handler:
[    2.206596] [ FTS ] SET Input Device Property:
[    2.206698] input: fts as /devices/platform/soc/a84000.i2c/i2c-1/1-0049/input/input2
[    2.206758] [ FTS ] Init Core Lib:
[    2.206765] [ FTS ] initCore: Initialization of the Core...
[    2.206772] [ FTS ] openChannel: SAD: 49
[    2.206779] [ FTS ] setResetGpio: reset_gpio = 8
[    2.206785] [ FTS ] initCore: Initialization Finished!
[    2.206792] [ FTS ] Device Initialization:
[    2.206798] [ FTS ] System resetting...
[    2.240217] [ FTS ] READ EVENT = 03 00 00 00 00 00 00 00 
[    2.240228] [ FTS ] FOUND EVENT = 03 00 00 00 00 00 00 00 
[    2.240236] [ FTS ] readSysInfo: Reading System Info...
[    2.242210] [ FTS ] readSysInfo: Parsing System Info...
[    2.242217] [ FTS ] FW VER = 0096
[    2.242223] [ FTS ] SVN REV = 3133
[    2.242229] [ FTS ] CONFIG VER = 0325
[    2.242235] [ FTS ] CONFIG PROJECT ID = 0055
[    2.242240] [ FTS ] CX VER = 0002
[    2.242246] [ FTS ] CX PROJECT ID = 0055
[    2.242252] [ FTS ] AFE VER: CFG = 03 - CX = 03 - PANEL = 03
[    2.242258] [ FTS ] Protocol = 00
[    2.242268] [ FTS ] Die Info =  36 37 00 4D 50 50 35 42 0A 00 00 00 19 D9 00 00 
[    2.242276] [ FTS ] Release Info =  03 25 00 00 00 00 00 00 
[    2.242282] [ FTS ] MP FLAG = 5A
[    2.242287] [ FTS ] SS Detect Scan Select = 0
[    2.242292] [ FTS ] Screen Resolution = 2339 x 1079
[    2.242298] [ FTS ] TX Len = 14
[    2.242304] [ FTS ] RX Len = 30
[    2.242309] [ FTS ] Key Len = 0
[    2.242314] [ FTS ] Force Len = 0
[    2.242319] [ FTS ] Production Timestamp = 5F4E7DA0
[    2.242325] [ FTS ] Parsed 216 bytes!
[    2.242330] [ FTS ] System Info Read DONE!
[    2.242397] [ FTS ] SET Auto Fw Update:
[    2.242407] [ FTS ] SET Device File Nodes:
[    2.242449] [ FTS ] fts_proc_init: proc entry CREATED!
[    2.242459] [ FTS ] Probe Finished!
[    2.242690] msm-cdc-pinctrl soc:cdc_dmic01_pinctrl: could not find pctldev for node /soc/lpi_pinctrl@62b40000/dmic01_clk_active, deferring probe
[    2.242911] msm-cdc-pinctrl soc:cdc_dmic23_pinctrl: could not find pctldev for node /soc/lpi_pinctrl@62b40000/dmic23_clk_active, deferring probe
[    2.243120] msm-cdc-pinctrl soc:rx_swr_clk_data_pinctrl: could not find pctldev for node /soc/lpi_pinctrl@62b40000/rx_swr_clk_active, deferring probe
[    2.243324] msm-cdc-pinctrl soc:tx_swr_clk_data_pinctrl: could not find pctldev for node /soc/lpi_pinctrl@62b40000/tx_swr_clk_active, deferring probe
[    2.243530] msm-cdc-pinctrl soc:msm_cdc_pinctrl@24: could not find pctldev for node /soc/lpi_pinctrl@62b40000/lpi_wcd937x_reset_active, deferring probe
[    2.244101] qcom,qpnp-rtc c440000.qcom,spmi:qcom,pm6150@0:qcom,pm6150_rtc: setting system clock to 1970-02-04 08:45:21 UTC (2969121)
[    2.244710] CAM_ERR: CAM-CCI: cam_cci_assign_fops: 499 Invalid dev node:0000000000000000 offset: 0
[    2.245643] lpm_levels: register_cluster_lpm_stats()
[    2.245754] lpm_levels: register_cluster_lpm_stats()
[    2.246868] msm-cdc-pinctrl soc:cdc_dmic01_pinctrl: could not find pctldev for node /soc/lpi_pinctrl@62b40000/dmic01_clk_active, deferring probe
[    2.247087] msm-cdc-pinctrl soc:cdc_dmic23_pinctrl: could not find pctldev for node /soc/lpi_pinctrl@62b40000/dmic23_clk_active, deferring probe
[    2.247297] msm-cdc-pinctrl soc:rx_swr_clk_data_pinctrl: could not find pctldev for node /soc/lpi_pinctrl@62b40000/rx_swr_clk_active, deferring probe
[    2.247501] msm-cdc-pinctrl soc:tx_swr_clk_data_pinctrl: could not find pctldev for node /soc/lpi_pinctrl@62b40000/tx_swr_clk_active, deferring probe
[    2.247710] msm-cdc-pinctrl soc:msm_cdc_pinctrl@24: could not find pctldev for node /soc/lpi_pinctrl@62b40000/lpi_wcd937x_reset_active, deferring probe
[    2.250341] msm-cdc-pinctrl soc:cdc_dmic01_pinctrl: could not find pctldev for node /soc/lpi_pinctrl@62b40000/dmic01_clk_active, deferring probe
[    2.250561] msm-cdc-pinctrl soc:cdc_dmic23_pinctrl: could not find pctldev for node /soc/lpi_pinctrl@62b40000/dmic23_clk_active, deferring probe
[    2.250771] msm-cdc-pinctrl soc:rx_swr_clk_data_pinctrl: could not find pctldev for node /soc/lpi_pinctrl@62b40000/rx_swr_clk_active, deferring probe
[    2.250976] msm-cdc-pinctrl soc:tx_swr_clk_data_pinctrl: could not find pctldev for node /soc/lpi_pinctrl@62b40000/tx_swr_clk_active, deferring probe
[    2.251183] msm-cdc-pinctrl soc:msm_cdc_pinctrl@24: could not find pctldev for node /soc/lpi_pinctrl@62b40000/lpi_wcd937x_reset_active, deferring probe
[    2.253723] rmnet_ipa3 started initialization
[    2.254022] msm-cdc-pinctrl soc:cdc_dmic01_pinctrl: could not find pctldev for node /soc/lpi_pinctrl@62b40000/dmic01_clk_active, deferring probe
[    2.254270] msm-cdc-pinctrl soc:cdc_dmic23_pinctrl: could not find pctldev for node /soc/lpi_pinctrl@62b40000/dmic23_clk_active, deferring probe
[    2.254488] msm-cdc-pinctrl soc:rx_swr_clk_data_pinctrl: could not find pctldev for node /soc/lpi_pinctrl@62b40000/rx_swr_clk_active, deferring probe
[    2.254700] msm-cdc-pinctrl soc:tx_swr_clk_data_pinctrl: could not find pctldev for node /soc/lpi_pinctrl@62b40000/tx_swr_clk_active, deferring probe
[    2.254914] msm-cdc-pinctrl soc:msm_cdc_pinctrl@24: could not find pctldev for node /soc/lpi_pinctrl@62b40000/lpi_wcd937x_reset_active, deferring probe
[    2.256232] RNDIS_IPA module is loaded.
[    2.260688] msm_bus_late_init: Remove handoff bw requests
[    2.261591] dbu1: disabling
[    2.263096] camera_ldo: disabling
[    2.263132] regulator_proxy_consumer_remove_all: removing regulator proxy consumer requests
[    2.263218] ALSA device list:
[    2.263225]   No soundcards found.
[    2.263273] Warning: unable to open an initial console.
[    2.265544] Freeing unused kernel memory: 7680K
[    2.340930] sm7150_bms: CHARGE_DISABLE : disable=0 -> val=1 (0)
[    2.341000] google,charger soc:google,charger: No cooling device for google,wlc-thermal-mitigation rc = 0
[    2.341028] google_charger: dead battery cleared uptime=2
[    2.341050] google_charger: google_charger_init_work done
[    2.341080] google_charger: MSC_CHG battery present
[    2.341107] google_charger: MSC_CHG no power source, disabling charging
[    2.341146] sm7150_bms: CHARGE_DISABLE : disable=1 -> val=0 (0)
[    2.341163] sm7150_bms: setting unsupported property: 143
[    2.341181] google_battery: MSC_DIN chg_state=0 f=0x0 chg_s=Unknown chg_t=Unknown vchg=0 icl=0
[    2.341233] google_battery: MSC_STAT disconnect: elap=0 ssoc=65535->100 v=65535->4394 c=0->3076 hdl=0 hrs=0 hti=-1
[    2.341303] google_battery: RES: req:0, sample:0[0], filt_cnt:0, res_avg:0
[    2.341353] google_battery: MSC_VOTE fv_uv=-1 cc_max=0 update_interval=-1
[    2.341475] sm7150_bms: BATTERY_CHARGER_STATUS_2 = 0x08
[    2.341498] sm7150_bms: BATTERY_CHARGER_STATUS_7 = 0x00
[    3.121144] power_supply main: driver failed to report `flash_trigger' property: -1
[    3.439800] 
               
               
               
                 __                _                     _     
                / _|_ __ ___  __ _| |__   ___ _ __   ___| |__  
               | |_| '__/ _ \/ _` | '_ \ / _ \ '_ \ / __| '_ \ 
               |  _| | |  __/ (_| | |_) |  __/ | | | (__| | | |
               |_| |_|  \___|\__, |_.__/ \___|_| |_|\___|_| |_|
                                |_|                            
               
                          CPU benchmark  by kdrag0n
               
               ------------------------------------------------
               
               Frequency domains: 
[    3.439982] cpu1 
[    3.440144] cpu6 
[    3.440197] 
               Offline CPUs: 
[    3.443787] cpu1 
[    3.446485] IRQ 6: no longer affine to CPU1
[    3.446780] CPU1: shutdown
[    3.448261] cpu2 
[    3.449437] CPU2: shutdown
[    3.449950] cpu3 
[    3.450041] CPU4: update max cpu_capacity 492
[    3.451973] CPU3: shutdown
[    3.452943] cpu4 
[    3.455196] CPU4: shutdown
[    3.456174] cpu5 
[    3.457879] CPU5: shutdown
[    3.458645] cpu6 
[    3.459735] IRQ 6: no longer affine to CPU6
[    3.460079] CPU7: update max cpu_capacity 1024
[    3.460104] CPU6: shutdown
[    3.460805] cpu7 
[    3.461788] CPU7: shutdown

[    3.470198] CPU0: update max cpu_capacity 492
[    4.071128] QCOM-STEPCHG: get_step_chg_jeita_setting_from_profile: battery type=8230020501
[    4.071201] of_batterydata_get_best_profile: 8230020501 found
[    4.071252] QCOM-STEPCHG: read_range_data_from_node: Count qcom,step-chg-ranges failed, rc=-22
[    4.071286] QCOM-STEPCHG: read_range_data_from_node: Count qcom,jeita-fcc-ranges failed, rc=-22
[    4.071317] QCOM-STEPCHG: read_range_data_from_node: Count qcom,jeita-fv-ranges failed, rc=-22
[    7.201303] [K][PM] power PM Statistic start (02-04 08:45:26)
[    7.201374] [K] wakeup_source: 'usbpd0'
[    7.201567] rpmh_master_stat: APSS(21,sleep:3s) 
[    7.201622] msm_rpmstats_stats_dump: (aosd,0,sleep:0s) (cxsd,0,sleep:0s) (ddr ,0,sleep:0s) 
[    7.201658] [K][PM] power PM Statistic done
[    8.475768] Sampling power every 250 ms
               Baseline power usage: 
[   12.241342] [K][PM] power PM Statistic start (02-04 08:45:31)
[   12.241439] [K] wakeup_source: 'usbpd0'
[   12.241613] rpmh_master_stat: APSS(48,sleep:8s) 
[   12.241666] msm_rpmstats_stats_dump: (aosd,0,sleep:0s) (cxsd,0,sleep:0s) (ddr ,0,sleep:0s) 
[   12.241701] [K][PM] power PM Statistic done
[   13.681381] [ FTS ] fts_read_panel_extinfo: Timed out after waiting 10 seconds.
[   13.681434] [ FTS ] fts_fw_update: Failed or timed out during read of extinfo. ret=-16
[   13.941364] [ FTS ] fts_read_panel_extinfo: Timed out after waiting 0 seconds.
[   13.941416] [ FTS ] fts_identify_panel: fts_read_panel_extinfo failed with ret=-16.
[   13.941451] [ FTS ] firmware name = ftm5_fw.ftb
[   13.941479] [ FTS ] limits name = stm_fts_production_limits.csv
[   13.941507] [ FTS ] Sensor inverted = 0
[   13.941533] [ FTS ] fts_fw_update: Encountered error while identifying display panel. ret=-16
[   13.942424] [ FTS ] fts_mode_handler: Sense ON!
[   13.943591] [ FTS ] heatmap_enable
[   13.944126] [ FTS ] fts_status_event_handler: Sense on Force cal = 01 00 00 00 00 01
[   13.944355] [ FTS ] Fw Update Finished! error = 00000000
[   17.281413] [K][PM] power PM Statistic start (02-04 08:45:36)
[   17.281478] [K] wakeup_source: 
[   17.281652] rpmh_master_stat: APSS(65,sleep:13s) 
[   17.281705] msm_rpmstats_stats_dump: (aosd,0,sleep:0s) (cxsd,0,sleep:0s) (ddr ,0,sleep:0s) 
[   17.281735] [K][PM] power PM Statistic done
[   22.321420] [K][PM] power PM Statistic start (02-04 08:45:41)
[   22.321494] [K] wakeup_source: 
[   22.321685] rpmh_master_stat: APSS(72,sleep:18s) 
[   22.321741] msm_rpmstats_stats_dump: (aosd,0,sleep:0s) (cxsd,0,sleep:0s) (ddr ,0,sleep:0s) 
[   22.321771] [K][PM] power PM Statistic done
[   27.361400] [K][PM] power PM Statistic start (02-04 08:45:46)
[   27.361464] [K] wakeup_source: 
[   27.361636] rpmh_master_stat: APSS(85,sleep:23s) 
[   27.361689] msm_rpmstats_stats_dump: (aosd,0,sleep:0s) (cxsd,0,sleep:0s) (ddr ,0,sleep:0s) 
[   27.361719] [K][PM] power PM Statistic done
[   32.401402] [K][PM] power PM Statistic start (02-04 08:45:51)
[   32.401468] [K] wakeup_source: 
[   32.401640] rpmh_master_stat: APSS(104,sleep:28s) 
[   32.401693] msm_rpmstats_stats_dump: (aosd,0,sleep:0s) (cxsd,0,sleep:0s) (ddr ,0,sleep:0s) 
[   32.401723] [K][PM] power PM Statistic done
[   32.489964] sm7150_bms: BATTERY_CHARGER_STATUS_2 = 0x08
[   32.490095] sm7150_bms: BATTERY_CHARGER_STATUS_7 = 0x00
[   37.441391] [K][PM] power PM Statistic start (02-04 08:45:56)
[   37.441456] [K] wakeup_source: 
[   37.441629] rpmh_master_stat: APSS(122,sleep:32s) 
[   37.441682] msm_rpmstats_stats_dump: (aosd,0,sleep:0s) (cxsd,0,sleep:0s) (ddr ,0,sleep:0s) 
[   37.441713] [K][PM] power PM Statistic done
[   42.481404] [K][PM] power PM Statistic start (02-04 08:46:01)
[   42.481470] [K] wakeup_source: 
[   42.481643] rpmh_master_stat: APSS(142,sleep:37s) 
[   42.481696] msm_rpmstats_stats_dump: (aosd,0,sleep:0s) (cxsd,0,sleep:0s) (ddr ,0,sleep:0s) 
[   42.481727] [K][PM] power PM Statistic done
[   47.521391] [K][PM] power PM Statistic start (02-04 08:46:06)
[   47.521457] [K] wakeup_source: 
[   47.521630] rpmh_master_stat: APSS(157,sleep:42s) 
[   47.521683] msm_rpmstats_stats_dump: (aosd,0,sleep:0s) (cxsd,0,sleep:0s) (ddr ,0,sleep:0s) 
[   47.521714] [K][PM] power PM Statistic done
[   52.561405] [K][PM] power PM Statistic start (02-04 08:46:11)
[   52.561470] [K] wakeup_source: 
[   52.561643] rpmh_master_stat: APSS(176,sleep:47s) 
[   52.561697] msm_rpmstats_stats_dump: (aosd,0,sleep:0s) (cxsd,0,sleep:0s) (ddr ,0,sleep:0s) 
[   52.561728] [K][PM] power PM Statistic done
[   57.601398] [K][PM] power PM Statistic start (02-04 08:46:16)
[   57.601464] [K] wakeup_source: 
