[    0.000000] Booting Linux on physical CPU 0x0000000000 [0x611f0221]
[    0.000000] Linux version 5.15.0-rc2-12215-g83b4bfbb1569-dirty (kdrag0n@pinwheel) (aarch64-linux-gnu-gcc (GCC) 11.2.0, GNU ld (GNU Binutils) 2.37) #22 SMP PREEMPT Sat Oct 2 23:13:12 PDT 2021
[    0.000000] Machine model: Apple MacBook Air (M1, 2020)
[    0.000000] earlycon: s5l0 at MMIO32 0x0000000235200000 (options '')
[    0.000000] printk: bootconsole [s5l0] enabled
[    0.000000] Zone ranges:
[    0.000000]   DMA      [mem 0x00000008019c4000-0x00000009d93e3fff]
[    0.000000]   DMA32    empty
[    0.000000]   Normal   empty
[    0.000000] Movable zone start for each node
[    0.000000] Early memory node ranges
[    0.000000]   node   0: [mem 0x00000008019c4000-0x00000009d93e3fff]
[    0.000000] Initmem setup node 0 [mem 0x00000008019c4000-0x00000009d93e3fff]
[    0.000000] On node 0, zone DMA: 775 pages in unavailable ranges
[    0.000000] percpu: Embedded 4 pages/cpu s34200 r0 d31336 u65536
[    0.000000] pcpu-alloc: s34200 r0 d31336 u65536 alloc=4*16384
[    0.000000] pcpu-alloc: [0] 0 [0] 1 [0] 2 [0] 3 [0] 4 
[    0.000000] Detected VIPT I-cache on CPU0
[    0.000000] CPU features: detected: Address authentication (IMP DEF algorithm)
[    0.000000] CPU features: detected: Virtualization Host Extensions
[    0.000000] CPU features: detected: Spectre-v4
[    0.000000] alternatives: patching kernel code
[    0.000000] Built 1 zonelists, mobility grouping on.  Total pages: 481065
[    0.000000] Kernel command line: earlycon console=tty0 rcu_nocbs=0-7 isolcpus=1-7 nohz_full=1-7
[    0.000000] Dentry cache hash table entries: 1048576 (order: 9, 8388608 bytes, linear)
[    0.000000] Inode-cache hash table entries: 524288 (order: 8, 4194304 bytes, linear)
[    0.000000] mem auto-init: stack:off, heap alloc:off, heap free:off
[    0.000000] Memory: 7645440K/7727232K available (13184K kernel code, 1102K rwdata, 3088K rodata, 1344K init, 428K bss, 81792K reserved, 0K cma-reserved)
[    0.000000] SLUB: HWalign=64, Order=0-3, MinObjects=0, CPUs=5, Nodes=1
[    0.000000] rcu: Preemptible hierarchical RCU implementation.
[    0.000000] rcu: 	RCU dyntick-idle grace-period acceleration is enabled.
[    0.000000] rcu: 	RCU restricting CPUs from NR_CPUS=8 to nr_cpu_ids=5.
[    0.000000] 	Trampoline variant of Tasks RCU enabled.
[    0.000000] rcu: RCU calculated value of scheduler-enlistment delay is 10 jiffies.
[    0.000000] rcu: Adjusting geometry for rcu_fanout_leaf=16, nr_cpu_ids=5
[    0.000000] NR_IRQS: 64, nr_irqs: 64, preallocated irqs: 0
[    0.000000] Root IRQ handler: aic_handle_irq
[    0.000000] Root FIQ handler: aic_handle_fiq
[    0.000000] irq_apple_aic: Initialized with 896 IRQs, 4 FIQs, 32 vIPIs
[    0.000000] NO_HZ: Full dynticks CPUs: 1-4.
[    0.000000] rcu: 	Note: kernel parameter 'rcu_nocbs=', 'nohz_full', or 'isolcpus=' contains nonexistent CPUs.
[    0.000000] rcu: 	Offload RCU callbacks from CPUs: 0-4.
[    0.000000] random: get_random_bytes called from start_kernel+0x474/0x654 with crng_init=0
[    0.000000] arch_timer: cp15 timer(s) running at 24.00MHz (phys).
[    0.000000] clocksource: arch_sys_counter: mask: 0xffffffffffffff max_cycles: 0x588fe9dc0, max_idle_ns: 440795202592 ns
[    0.000000] sched_clock: 56 bits at 24MHz, resolution 41ns, wraps every 4398046511097ns
[    0.008062] Console: colour dummy device 80x25
[    0.012470] printk: console [tty0] enabled
[    0.016569] printk: bootconsole [s5l0] disabled
[    0.021112] Calibrating delay loop (skipped), value calculated using timer frequency.. 48.00 BogoMIPS (lpj=240000)
[    0.021117] pid_max: default: 32768 minimum: 301
[    0.021132] LSM: Security Framework initializing
[    0.021144] Mount-cache hash table entries: 16384 (order: 3, 131072 bytes, linear)
[    0.021149] Mountpoint-cache hash table entries: 16384 (order: 3, 131072 bytes, linear)
[    0.021448] rcu: Hierarchical SRCU implementation.
[    0.021532] smp: Bringing up secondary CPUs ...
[    0.021594] Detected VIPT I-cache on CPU1
[    0.021604] CPU1: Booted secondary processor 0x0000000001 [0x611f0221]
[    0.021693] Detected VIPT I-cache on CPU2
[    0.021701] CPU2: Booted secondary processor 0x0000000002 [0x611f0221]
[    0.021776] Detected VIPT I-cache on CPU3
[    0.021783] CPU3: Booted secondary processor 0x0000000003 [0x611f0221]
[    0.021874] Detected VIPT I-cache on CPU4
[    0.021902] CPU4: Booted secondary processor 0x0000010100 [0x611f0231]
[    0.021967] smp: Brought up 1 node, 5 CPUs
[    0.021979] SMP: Total of 5 processors activated.
[    0.021982] CPU features: detected: ARMv8.4 Translation Table Level
[    0.021984] CPU features: detected: Data cache clean to the PoU not required for I/D coherence
[    0.021987] CPU features: detected: Common not Private translations
[    0.021990] CPU features: detected: CRC32 instructions
[    0.021992] CPU features: detected: E0PD
[    0.021994] CPU features: detected: Generic authentication (IMP DEF algorithm)
[    0.021996] CPU features: detected: RCpc load-acquire (LDAPR)
[    0.021999] CPU features: detected: LSE atomic instructions
[    0.022001] CPU features: detected: Privileged Access Never
[    0.022003] CPU features: detected: RAS Extension Support
[    0.022005] CPU features: detected: Speculation barrier (SB)
[    0.022007] CPU features: detected: Stage-2 Force Write-Back
[    0.022009] CPU features: detected: TLB range maintenance instructions
[    0.022011] CPU features: detected: Speculative Store Bypassing Safe (SSBS)
[    0.040389] CPU: All CPU(s) started at EL2
[    0.040726] devtmpfs: initialized
[    0.041115] clocksource: jiffies: mask: 0xffffffff max_cycles: 0xffffffff, max_idle_ns: 19112604462750000 ns
[    0.041122] futex hash table entries: 2048 (order: 3, 131072 bytes, linear)
[    0.041146] pinctrl core: initialized pinctrl subsystem
[    0.041237] NET: Registered PF_NETLINK/PF_ROUTE protocol family
[    0.041390] DMA: preallocated 1024 KiB GFP_KERNEL pool for atomic allocations
[    0.041408] DMA: preallocated 1024 KiB GFP_KERNEL|GFP_DMA pool for atomic allocations
[    0.041426] DMA: preallocated 1024 KiB GFP_KERNEL|GFP_DMA32 pool for atomic allocations
[    0.041493] thermal_sys: Registered thermal governor 'step_wise'
[    0.041494] thermal_sys: Registered thermal governor 'user_space'
[    0.041521] cpuidle: using governor ladder
[    0.041527] cpuidle: using governor menu
[    0.041532] NET: Registered PF_QIPCRTR protocol family
[    0.041557] hw-breakpoint: found 6 breakpoint and 4 watchpoint registers.
[    0.041601] ASID allocator initialised with 256 entries
[    0.041607] Serial: AMBA PL011 UART driver
[    0.043512] HugeTLB registered 1.00 GiB page size, pre-allocated 0 pages
[    0.043516] HugeTLB registered 32.0 MiB page size, pre-allocated 0 pages
[    0.043519] HugeTLB registered 2.00 MiB page size, pre-allocated 0 pages
[    0.043810] cryptd: max_cpu_qlen set to 1000
[    0.051135] random: fast init done
[    0.052227] random: crng init done
[    0.212286] raid6: neonx8   gen() 10137 MB/s
[    0.382299] raid6: neonx8   xor()  8543 MB/s
[    0.552312] raid6: neonx4   gen() 10133 MB/s
[    0.722322] raid6: neonx4   xor()  8815 MB/s
[    0.892347] raid6: neonx2   gen()  9987 MB/s
[    1.062370] raid6: neonx2   xor()  8548 MB/s
[    1.232392] raid6: neonx1   gen()  8502 MB/s
[    1.402410] raid6: neonx1   xor()  7229 MB/s
[    1.572437] raid6: int64x8  gen()  4161 MB/s
[    1.742459] raid6: int64x8  xor()  2386 MB/s
[    1.912492] raid6: int64x4  gen()  4311 MB/s
[    2.082502] raid6: int64x4  xor()  2572 MB/s
[    2.252516] raid6: int64x2  gen()  3800 MB/s
[    2.422548] raid6: int64x2  xor()  2194 MB/s
[    2.592583] raid6: int64x1  gen()  2938 MB/s
[    2.762596] raid6: int64x1  xor()  1672 MB/s
[    2.762598] raid6: using algorithm neonx8 gen() 10137 MB/s
[    2.762601] raid6: .... xor() 8543 MB/s, rmw enabled
[    2.762603] raid6: using neon recovery algorithm
[    2.762623] iommu: Default domain type: Translated 
[    2.762625] iommu: DMA domain TLB invalidation policy: strict mode 
[    2.762646] vgaarb: loaded
[    2.762686] SCSI subsystem initialized
[    2.762709] usbcore: registered new interface driver usbfs
[    2.762715] usbcore: registered new interface driver hub
[    2.762721] usbcore: registered new device driver usb
[    2.762745] mc: Linux media interface: v0.10
[    2.762750] videodev: Linux video capture interface: v2.00
[    2.762793] Advanced Linux Sound Architecture Driver Initialized.
[    2.762886] Bluetooth: Core ver 2.22
[    2.762891] NET: Registered PF_BLUETOOTH protocol family
[    2.762893] Bluetooth: HCI device and connection manager initialized
[    2.762896] Bluetooth: HCI socket layer initialized
[    2.762899] Bluetooth: L2CAP socket layer initialized
[    2.762903] Bluetooth: SCO socket layer initialized
[    2.762925] nfc: nfc_init: NFC Core ver 0.1
[    2.762935] NET: Registered PF_NFC protocol family
[    2.762970] clocksource: Switched to clocksource arch_sys_counter
[    2.762998] VFS: Disk quotas dquot_6.6.0
[    2.763007] VFS: Dquot-cache hash table entries: 2048 (order 0, 16384 bytes)
[    2.763096] simple-framebuffer 9df4e4000.framebuffer: framebuffer at 0x9df4e4000, 0xfa0000 bytes
[    2.763101] simple-framebuffer 9df4e4000.framebuffer: format=x2r10g10b10, mode=2560x1600x32, linelength=10240
[    2.770391] Console: switching to colour frame buffer device 160x50
[    2.777339] simple-framebuffer 9df4e4000.framebuffer: fb0: simplefb registered!
[    2.778090] NET: Registered PF_INET protocol family
[    2.778172] IP idents hash table entries: 131072 (order: 6, 1048576 bytes, linear)
[    2.779744] tcp_listen_portaddr_hash hash table entries: 4096 (order: 2, 65536 bytes, linear)
[    2.779845] TCP established hash table entries: 65536 (order: 5, 524288 bytes, linear)
[    2.779995] TCP bind hash table entries: 65536 (order: 6, 1048576 bytes, linear)
[    2.780168] TCP: Hash tables configured (established 65536 bind 65536)
[    2.780249] UDP hash table entries: 4096 (order: 3, 131072 bytes, linear)
[    2.780339] UDP-Lite hash table entries: 4096 (order: 3, 131072 bytes, linear)
[    2.780453] NET: Registered PF_UNIX/PF_LOCAL protocol family
[    2.780572] RPC: Registered named UNIX socket transport module.
[    2.780637] RPC: Registered udp transport module.
[    2.780687] RPC: Registered tcp transport module.
[    2.780738] RPC: Registered tcp NFSv4.1 backchannel transport module.
[    2.780912] PCI: CLS 0 bytes, default 64
[    2.781003] Unpacking initramfs...
[    2.958723] Freeing initrd memory: 13280K
[    2.959277] Initialise system trusted keyrings
[    2.959527] workingset: timestamp_bits=46 max_order=19 bucket_order=0
[    2.960562] squashfs: version 4.0 (2009/01/31) Phillip Lougher
[    2.960827] NFS: Registering the id_resolver key type
[    2.960885] Key type id_resolver registered
[    2.963121] Key type id_legacy registered
[    2.965308] nfs4filelayout_init: NFSv4 File Layout Driver Registering...
[    2.967547] nfs4flexfilelayout_init: NFSv4 Flexfile Layout Driver Registering...
[    2.969847] fuse: init (API version 7.34)
[    2.972217] 9p: Installing v9fs 9p2000 file system support
[    2.987787] NET: Registered PF_ALG protocol family
[    2.990108] xor: measuring software checksum speed
[    2.993341]    8regs           : 11164 MB/sec
[    2.996328]    32regs          : 14337 MB/sec
[    2.999142]    arm64_neon      : 17796 MB/sec
[    3.001380] xor: using function: arm64_neon (17796 MB/sec)
[    3.003633] Key type asymmetric registered
[    3.005871] Asymmetric key parser 'x509' registered
[    3.008143] Block layer SCSI generic (bsg) driver version 0.4 loaded (major 250)
[    3.010461] io scheduler mq-deadline registered
[    3.012774] io scheduler kyber registered
[    3.015411] apple-cluster-clk 210e20000.clock-controller: Initializing cluster (DVMR: 0)
[    3.018520] Serial: 8250/16550 driver, 4 ports, IRQ sharing enabled
[    3.021239] 235200000.serial: ttySAC0 at MMIO 0x235200000 (irq = 37, base_baud = 0) is a APPLE S5L
[    3.024724] 235208000.serial: ttySAC2 at MMIO 0x235208000 (irq = 38, base_baud = 0) is a APPLE S5L
[    3.027314] apple-dart 382f00000.iommu: DART [pagesize 4000, bypass support: 1, bypass forced: 0] initialized
[    3.029765] apple-dart 382f80000.iommu: DART [pagesize 4000, bypass support: 1, bypass forced: 0] initialized
[    3.032192] apple-dart 502f00000.iommu: DART [pagesize 4000, bypass support: 1, bypass forced: 0] initialized
[    3.034777] apple-dart 502f80000.iommu: DART [pagesize 4000, bypass support: 1, bypass forced: 0] initialized
[    3.037050] cacheinfo: Unable to detect cache hierarchy for CPU 0
[    3.040164] loop: module loaded
[    3.055125] wireguard: WireGuard 1.0.0 loaded. See www.wireguard.com for information.
[    3.057348] wireguard: Copyright (C) 2015-2019 Jason A. Donenfeld <Jason@zx2c4.com>. All Rights Reserved.
[    3.059662] libphy: Fixed MDIO Bus: probed
[    3.061866] tun: Universal TUN/TAP device driver, 1.6
[    3.064187] CAN device driver interface
[    3.066406] usbcore: registered new interface driver rtl8150
[    3.068878] usbcore: registered new interface driver r8152
[    3.070986] usbcore: registered new interface driver lan78xx
[    3.073171] usbcore: registered new interface driver asix
[    3.075202] usbcore: registered new interface driver ax88179_178a
[    3.077232] usbcore: registered new interface driver cdc_ether
[    3.079279] usbcore: registered new interface driver dm9601
[    3.081304] usbcore: registered new interface driver CoreChips
[    3.083269] usbcore: registered new interface driver smsc75xx
[    3.085226] usbcore: registered new interface driver smsc95xx
[    3.087145] usbcore: registered new interface driver net1080
[    3.089063] usbcore: registered new interface driver plusb
[    3.090941] usbcore: registered new interface driver cdc_subset
[    3.092759] usbcore: registered new interface driver MOSCHIP usb-ethernet driver
[    3.094676] usbcore: registered new interface driver ipheth
[    3.096463] usbcore: registered new interface driver cdc_ncm
[    3.098304] dwc3 382280000.usb: Adding to iommu group 0
[    3.133033] dwc3 502280000.usb: Adding to iommu group 1
[    3.173109] ehci_hcd: USB 2.0 'Enhanced' Host Controller (EHCI) Driver
[    3.174825] ehci-pci: EHCI PCI platform driver
[    3.176523] ehci-platform: EHCI generic platform driver
[    3.178271] xhci-hcd xhci-hcd.0.auto: xHCI Host Controller
[    3.180018] xhci-hcd xhci-hcd.0.auto: new USB bus registered, assigned bus number 1
[    3.181857] xhci-hcd xhci-hcd.0.auto: hcc params 0x0238ffcd hci version 0x110 quirks 0x0000000000010010
[    3.183667] xhci-hcd xhci-hcd.0.auto: irq 40, io mem 0x382280000
[    3.185603] hub 1-0:1.0: USB hub found
[    3.187576] hub 1-0:1.0: 1 port detected
[    3.189392] xhci-hcd xhci-hcd.0.auto: xHCI Host Controller
[    3.191195] xhci-hcd xhci-hcd.0.auto: new USB bus registered, assigned bus number 2
[    3.192986] xhci-hcd xhci-hcd.0.auto: Host supports USB 3.1 Enhanced SuperSpeed
[    3.194768] usb usb2: We don't know the algorithms for LPM for this host, disabling LPM.
[    3.196681] hub 2-0:1.0: USB hub found
[    3.198451] hub 2-0:1.0: 1 port detected
[    3.200236] xhci-hcd xhci-hcd.1.auto: xHCI Host Controller
[    3.201960] xhci-hcd xhci-hcd.1.auto: new USB bus registered, assigned bus number 3
[    3.203825] xhci-hcd xhci-hcd.1.auto: hcc params 0x0238ffcd hci version 0x110 quirks 0x0000000000010010
[    3.205577] xhci-hcd xhci-hcd.1.auto: irq 42, io mem 0x502280000
[    3.207534] hub 3-0:1.0: USB hub found
[    3.209322] hub 3-0:1.0: 1 port detected
[    3.211166] xhci-hcd xhci-hcd.1.auto: xHCI Host Controller
[    3.213010] xhci-hcd xhci-hcd.1.auto: new USB bus registered, assigned bus number 4
[    3.214799] xhci-hcd xhci-hcd.1.auto: Host supports USB 3.1 Enhanced SuperSpeed
[    3.216626] usb usb4: We don't know the algorithms for LPM for this host, disabling LPM.
[    3.218466] hub 4-0:1.0: USB hub found
[    3.220173] hub 4-0:1.0: 1 port detected
[    3.221928] usbcore: registered new interface driver cdc_acm
[    3.223664] cdc_acm: USB Abstract Control Model driver for USB modems and ISDN adapters
[    3.225515] usbcore: registered new interface driver uas
[    3.227329] usbcore: registered new interface driver usb-storage
[    3.229155] usbcore: registered new interface driver cp210x
[    3.230970] usbserial: USB Serial support registered for cp210x
[    3.232844] usbcore: registered new interface driver ftdi_sio
[    3.234735] usbserial: USB Serial support registered for FTDI USB Serial Device
[    3.236689] usbcore: registered new interface driver option
[    3.238645] usbserial: USB Serial support registered for GSM modem (1-port)
[    3.240712] udc-core: couldn't find an available UDC - added [g_serial] to list of pending drivers
[    3.242811] udc-core: couldn't find an available UDC - added [g_cdc] to list of pending drivers
[    3.245048] i2c_dev: i2c /dev entries driver
[    3.247200] usbcore: registered new interface driver uvcvideo
[    3.249377] gspca_main: v2.14.0 registered
[    3.251752] device-mapper: ioctl: 4.45.0-ioctl (2021-03-22) initialised: dm-devel@redhat.com
[    3.254046] Bluetooth: HCI UART driver ver 2.3
[    3.256337] Bluetooth: HCI UART protocol H4 registered
[    3.258641] Bluetooth: HCI UART protocol LL registered
[    3.260935] Bluetooth: HCI UART protocol QCA registered
[    3.263189] usbcore: registered new interface driver btusb
[    3.265677] usbcore: registered new interface driver usbhid
[    3.267889] usbhid: USB HID core driver
[    3.270124] apple-mcc 200200000.memory-controller: MCC performance driver initialized
[    3.272698] GACT probability NOT on
[    3.274946] Mirror/redirect action on
[    3.277658] NET: Registered PF_INET6 protocol family
[    3.280003] Segment Routing with IPv6
[    3.282212] In-situ OAM (IOAM) with IPv6
[    3.284427] sit: IPv6, IPv4 and MPLS over IPv4 tunneling driver
[    3.286772] NET: Registered PF_PACKET protocol family
[    3.289005] can: controller area network core
[    3.291192] NET: Registered PF_CAN protocol family
[    3.293422] can: raw protocol
[    3.295569] can: broadcast manager protocol
[    3.297707] can: netlink gateway - max_hops=1
[    3.299846] Bluetooth: HIDP (Human Interface Emulation) ver 1.2
[    3.301978] Bluetooth: HIDP socket layer initialized
[    3.304082] 8021q: 802.1Q VLAN Support v1.8
[    3.306180] 9pnet: Installing 9P2000 support
[    3.308289] Key type dns_resolver registered
[    3.310437] registered taskstats version 1
[    3.312507] Loading compiled-in X.509 certificates
[    3.314754] Btrfs loaded, crc32c=crc32c-generic, zoned=no, fsverity=no
[    3.317077] apple-cluster-clk 211e20000.clock-controller: Initializing cluster (DVMR: 1)
[    3.319486] cfg80211: Loading compiled-in X.509 certificates for regulatory database
[    3.321667] apple-pmgr-pwrstate 23b700000.power-management:power-controller@418: PS 0x418: pwrstate = 0x0: 0xf0000f0
[    3.321673] apple-pmgr-pwrstate 23b700000.power-management:power-controller@348: PS 0x348: pwrstate = 0x0: 0xf0
[    3.321678] apple-pmgr-pwrstate 23b700000.power-management:power-controller@288: PS 0x288: pwrstate = 0x0: 0xf0
[    3.321682] apple-pmgr-pwrstate 23b700000.power-management:power-controller@278: PS 0x278: pwrstate = 0x0: 0xf0
[    3.321997] cfg80211: Loaded X.509 cert 'sforshee: 00b28ddf47aef9cea7'
[    3.324145] ALSA device list:
[    3.326231]   No soundcards found.
[    3.328368] Freeing unused kernel memory: 1344K
[    3.330468] platform regulatory.0: Direct firmware load for regulatory.db failed with error -2
[    3.332650] platform regulatory.0: Falling back to sysfs fallback for: regulatory.db
[    3.353007] Run /init as init process
[    3.355624]   with arguments:
[    3.355625]     /init
[    3.355626]   with environment:
[    3.355626]     HOME=/
[    3.355627]     TERM=linux
[    3.492980] usb 3-1: new high-speed USB device number 2 using xhci-hcd
[    3.674333] usb-storage 3-1:1.0: USB Mass Storage device detected
[    3.677837] scsi host0: usb-storage 3-1:1.0
[    4.714080] scsi 0:0:0:0: Direct-Access     SanDisk  Ultra Fit        1.00 PQ: 0 ANSI: 6
[    4.722069] sd 0:0:0:0: [sda] 242614272 512-byte logical blocks: (124 GB/116 GiB)
[    4.726531] sd 0:0:0:0: [sda] Write Protect is off
[    4.729857] sd 0:0:0:0: [sda] Mode Sense: 43 00 00 00
[    4.730193] sd 0:0:0:0: [sda] Write cache: disabled, read cache: enabled, doesn't support DPO or FUA
[    4.800684]  sda: sda1
[    4.809372] sd 0:0:0:0: [sda] Attached SCSI removable disk
[   64.473036] cfg80211: failed to load regulatory.db
